#! /c/Source/iverilog-install/bin/vvp
:ivl_version "12.0 (devel)" "(s20150603-1110-g18392a46)";
:ivl_delay_selection "TYPICAL";
:vpi_time_precision - 12;
:vpi_module "C:\iverilog\lib\ivl\system.vpi";
:vpi_module "C:\iverilog\lib\ivl\vhdl_sys.vpi";
:vpi_module "C:\iverilog\lib\ivl\vhdl_textio.vpi";
:vpi_module "C:\iverilog\lib\ivl\v2005_math.vpi";
:vpi_module "C:\iverilog\lib\ivl\va_math.vpi";
:vpi_module "C:\iverilog\lib\ivl\v2009.vpi";
S_000002527c0c0f80 .scope package, "$unit" "$unit" 2 1;
 .timescale 0 0;
S_000002527c0c1110 .scope module, "tb_bench_synth_top" "tb_bench_synth_top" 3 6;
 .timescale -9 -12;
P_000002527c0c12a0 .param/real "CLK_HALF_NS" 1 3 8, Cr<m6800000000000000gfc4>; value=6.50000
P_000002527c0c12d8 .param/l "N_PAIRS" 1 3 7, +C4<00000000000000000000001000000000>;
P_000002527c0c1310 .param/l "PIPE_LAT" 1 3 9, +C4<00000000000000000000000000000010>;
v000002527c115a70_0 .var "b0", 7 0;
v000002527c115930_0 .var "b1", 7 0;
v000002527c115390_0 .var "clk", 0 0;
v000002527c115890_0 .var/2s "cycles", 63 0;
v000002527c115b10_0 .var "g0", 7 0;
v000002527c116470_0 .var "g1", 7 0;
v000002527c115070_0 .net "gray0", 7 0, v000002527c113d10_0;  1 drivers
v000002527c1159d0_0 .net "gray1", 7 0, v000002527c113810_0;  1 drivers
v000002527c1157f0_0 .var "hi", 7 0;
v000002527c1160b0_0 .var "lo", 7 0;
v000002527c114a30_0 .net "mask0", 0 0, v000002527c114350_0;  1 drivers
v000002527c114ad0_0 .net "mask1", 0 0, v000002527c113db0_0;  1 drivers
v000002527c1163d0_0 .var "r0", 7 0;
v000002527c1161f0_0 .var "r1", 7 0;
v000002527c115430_0 .var "rst", 0 0;
v000002527c1165b0_0 .var/2s "t0", 63 0;
v000002527c1154d0_0 .var/2s "t1", 63 0;
v000002527c116010_0 .var "valid_in", 0 0;
v000002527c116330_0 .net "valid_out", 0 0, v000002527c115cf0_0;  1 drivers
S_000002527c0ad270 .scope begin, "$ivl_for_loop0" "$ivl_for_loop0" 3 42, 3 42 0, S_000002527c0c1110;
 .timescale -9 -12;
v000002527c0a34d0_0 .var/2s "i", 31 0;
E_000002527c09e1a0 .event posedge, v000002527c1138b0_0;
S_000002527c0ad400 .scope module, "dut" "synth_top" 3 18, 4 53 0, S_000002527c0c1110;
 .timescale -9 -12;
    .port_info 0 /INPUT 1 "clk";
    .port_info 1 /INPUT 1 "rst";
    .port_info 2 /INPUT 1 "valid_in";
    .port_info 3 /INPUT 8 "b_in_0";
    .port_info 4 /INPUT 8 "g_in_0";
    .port_info 5 /INPUT 8 "r_in_0";
    .port_info 6 /INPUT 8 "b_in_1";
    .port_info 7 /INPUT 8 "g_in_1";
    .port_info 8 /INPUT 8 "r_in_1";
    .port_info 9 /INPUT 8 "lo_thresh";
    .port_info 10 /INPUT 8 "hi_thresh";
    .port_info 11 /OUTPUT 1 "valid_out";
    .port_info 12 /OUTPUT 8 "gray_out_0";
    .port_info 13 /OUTPUT 1 "mask_out_0";
    .port_info 14 /OUTPUT 8 "gray_out_1";
    .port_info 15 /OUTPUT 1 "mask_out_1";
L_000002527c1e0088 .functor BUFT 1, C4<0>, C4<0>, C4<0>, C4<0>;
v000002527c0ad6a0_0 .net/2u *"_ivl_0", 0 0, L_000002527c1e0088;  1 drivers
L_000002527c1e0118 .functor BUFT 1, C4<0>, C4<0>, C4<0>, C4<0>;
v000002527c09d050_0 .net/2u *"_ivl_12", 0 0, L_000002527c1e0118;  1 drivers
v000002527c0a0110_0 .net *"_ivl_14", 15 0, L_000002527c115d90;  1 drivers
v000002527c0c1350_0 .net *"_ivl_16", 15 0, L_000002527c115f70;  1 drivers
L_000002527c1e0160 .functor BUFT 1, C4<000>, C4<0>, C4<0>, C4<0>;
v000002527c072d50_0 .net/2u *"_ivl_18", 2 0, L_000002527c1e0160;  1 drivers
v000002527c072df0_0 .net *"_ivl_2", 15 0, L_000002527c1156b0;  1 drivers
v000002527c072e90_0 .net *"_ivl_20", 15 0, L_000002527c115110;  1 drivers
v000002527c072f30_0 .net *"_ivl_4", 15 0, L_000002527c115bb0;  1 drivers
L_000002527c1e00d0 .functor BUFT 1, C4<000>, C4<0>, C4<0>, C4<0>;
v000002527c072fd0_0 .net/2u *"_ivl_6", 2 0, L_000002527c1e00d0;  1 drivers
v000002527c113c70_0 .net *"_ivl_8", 15 0, L_000002527c114b70;  1 drivers
v000002527c1143f0_0 .net "b_in_0", 7 0, v000002527c115a70_0;  1 drivers
v000002527c1140d0_0 .net "b_in_1", 7 0, v000002527c115930_0;  1 drivers
v000002527c1138b0_0 .net "clk", 0 0, v000002527c115390_0;  1 drivers
v000002527c1145d0_0 .net "g_in_0", 7 0, v000002527c115b10_0;  1 drivers
v000002527c114210_0 .net "g_in_1", 7 0, v000002527c116470_0;  1 drivers
v000002527c113d10_0 .var "gray_out_0", 7 0;
v000002527c113810_0 .var "gray_out_1", 7 0;
v000002527c114170_0 .net "hi_thresh", 7 0, v000002527c1157f0_0;  1 drivers
v000002527c1142b0_0 .net "lo_thresh", 7 0, v000002527c1160b0_0;  1 drivers
v000002527c114350_0 .var "mask_out_0", 0 0;
v000002527c113db0_0 .var "mask_out_1", 0 0;
v000002527c114030_0 .net "r_in_0", 7 0, v000002527c1163d0_0;  1 drivers
v000002527c113b30_0 .net "r_in_1", 7 0, v000002527c1161f0_0;  1 drivers
v000002527c113a90_0 .net "rst", 0 0, v000002527c115430_0;  1 drivers
v000002527c114670_0 .var "s1_b29_0", 12 0;
v000002527c113e50_0 .var "s1_b29_1", 12 0;
v000002527c114490_0 .var "s1_g150_0", 15 0;
v000002527c114530_0 .var "s1_g150_1", 15 0;
v000002527c114710_0 .var "s1_hi", 7 0;
v000002527c113f90_0 .var "s1_lo", 7 0;
v000002527c113950_0 .var "s1_r77_0", 14 0;
v000002527c113ef0_0 .var "s1_r77_1", 14 0;
v000002527c1139f0_0 .var "s1_valid", 0 0;
v000002527c113bd0_0 .net "s2_sum_0", 15 0, L_000002527c115c50;  1 drivers
v000002527c1166f0_0 .net "s2_sum_1", 15 0, L_000002527c116790;  1 drivers
v000002527c116150_0 .net "valid_in", 0 0, v000002527c116010_0;  1 drivers
v000002527c115cf0_0 .var "valid_out", 0 0;
L_000002527c1156b0 .concat [ 15 1 0 0], v000002527c113950_0, L_000002527c1e0088;
L_000002527c115bb0 .arith/sum 16, L_000002527c1156b0, v000002527c114490_0;
L_000002527c114b70 .concat [ 13 3 0 0], v000002527c114670_0, L_000002527c1e00d0;
L_000002527c115c50 .arith/sum 16, L_000002527c115bb0, L_000002527c114b70;
L_000002527c115d90 .concat [ 15 1 0 0], v000002527c113ef0_0, L_000002527c1e0118;
L_000002527c115f70 .arith/sum 16, L_000002527c115d90, v000002527c114530_0;
L_000002527c115110 .concat [ 13 3 0 0], v000002527c113e50_0, L_000002527c1e0160;
L_000002527c116790 .arith/sum 16, L_000002527c115f70, L_000002527c115110;
    .scope S_000002527c0ad400;
T_0 ;
    %wait E_000002527c09e1a0;
    %load/vec4 v000002527c113a90_0;
    %flag_set/vec4 8;
    %jmp/0xz  T_0.0, 8;
    %pushi/vec4 0, 0, 1;
    %assign/vec4 v000002527c1139f0_0, 0;
    %pushi/vec4 0, 0, 8;
    %assign/vec4 v000002527c113f90_0, 0;
    %pushi/vec4 0, 0, 8;
    %assign/vec4 v000002527c114710_0, 0;
    %pushi/vec4 0, 0, 15;
    %assign/vec4 v000002527c113950_0, 0;
    %pushi/vec4 0, 0, 16;
    %assign/vec4 v000002527c114490_0, 0;
    %pushi/vec4 0, 0, 13;
    %assign/vec4 v000002527c114670_0, 0;
    %pushi/vec4 0, 0, 15;
    %assign/vec4 v000002527c113ef0_0, 0;
    %pushi/vec4 0, 0, 16;
    %assign/vec4 v000002527c114530_0, 0;
    %pushi/vec4 0, 0, 13;
    %assign/vec4 v000002527c113e50_0, 0;
    %jmp T_0.1;
T_0.0 ;
    %load/vec4 v000002527c116150_0;
    %assign/vec4 v000002527c1139f0_0, 0;
    %load/vec4 v000002527c1142b0_0;
    %assign/vec4 v000002527c113f90_0, 0;
    %load/vec4 v000002527c114170_0;
    %assign/vec4 v000002527c114710_0, 0;
    %load/vec4 v000002527c114030_0;
    %pad/u 15;
    %muli 77, 0, 15;
    %assign/vec4 v000002527c113950_0, 0;
    %load/vec4 v000002527c1145d0_0;
    %pad/u 16;
    %muli 150, 0, 16;
    %assign/vec4 v000002527c114490_0, 0;
    %load/vec4 v000002527c1143f0_0;
    %pad/u 13;
    %muli 29, 0, 13;
    %assign/vec4 v000002527c114670_0, 0;
    %load/vec4 v000002527c113b30_0;
    %pad/u 15;
    %muli 77, 0, 15;
    %assign/vec4 v000002527c113ef0_0, 0;
    %load/vec4 v000002527c114210_0;
    %pad/u 16;
    %muli 150, 0, 16;
    %assign/vec4 v000002527c114530_0, 0;
    %load/vec4 v000002527c1140d0_0;
    %pad/u 13;
    %muli 29, 0, 13;
    %assign/vec4 v000002527c113e50_0, 0;
T_0.1 ;
    %jmp T_0;
    .thread T_0;
    .scope S_000002527c0ad400;
T_1 ;
    %wait E_000002527c09e1a0;
    %load/vec4 v000002527c113a90_0;
    %flag_set/vec4 8;
    %jmp/0xz  T_1.0, 8;
    %pushi/vec4 0, 0, 1;
    %assign/vec4 v000002527c115cf0_0, 0;
    %pushi/vec4 0, 0, 8;
    %assign/vec4 v000002527c113d10_0, 0;
    %pushi/vec4 0, 0, 1;
    %assign/vec4 v000002527c114350_0, 0;
    %pushi/vec4 0, 0, 8;
    %assign/vec4 v000002527c113810_0, 0;
    %pushi/vec4 0, 0, 1;
    %assign/vec4 v000002527c113db0_0, 0;
    %jmp T_1.1;
T_1.0 ;
    %load/vec4 v000002527c1139f0_0;
    %assign/vec4 v000002527c115cf0_0, 0;
    %load/vec4 v000002527c113bd0_0;
    %parti/s 8, 8, 5;
    %assign/vec4 v000002527c113d10_0, 0;
    %load/vec4 v000002527c113f90_0;
    %load/vec4 v000002527c113bd0_0;
    %parti/s 8, 8, 5;
    %cmp/u;
    %flag_get/vec4 4;
    %flag_get/vec4 5;
    %or;
    %load/vec4 v000002527c113bd0_0;
    %parti/s 8, 8, 5;
    %load/vec4 v000002527c114710_0;
    %cmp/u;
    %flag_get/vec4 4;
    %flag_get/vec4 5;
    %or;
    %and;
    %assign/vec4 v000002527c114350_0, 0;
    %load/vec4 v000002527c1166f0_0;
    %parti/s 8, 8, 5;
    %assign/vec4 v000002527c113810_0, 0;
    %load/vec4 v000002527c113f90_0;
    %load/vec4 v000002527c1166f0_0;
    %parti/s 8, 8, 5;
    %cmp/u;
    %flag_get/vec4 4;
    %flag_get/vec4 5;
    %or;
    %load/vec4 v000002527c1166f0_0;
    %parti/s 8, 8, 5;
    %load/vec4 v000002527c114710_0;
    %cmp/u;
    %flag_get/vec4 4;
    %flag_get/vec4 5;
    %or;
    %and;
    %assign/vec4 v000002527c113db0_0, 0;
T_1.1 ;
    %jmp T_1;
    .thread T_1;
    .scope S_000002527c0c1110;
T_2 ;
    %pushi/vec4 0, 0, 1;
    %store/vec4 v000002527c115390_0, 0, 1;
    %end;
    .thread T_2;
    .scope S_000002527c0c1110;
T_3 ;
    %delay 6500, 0;
    %load/vec4 v000002527c115390_0;
    %inv;
    %store/vec4 v000002527c115390_0, 0, 1;
    %jmp T_3;
    .thread T_3;
    .scope S_000002527c0c1110;
T_4 ;
    %pushi/vec4 1, 0, 1;
    %store/vec4 v000002527c115430_0, 0, 1;
    %pushi/vec4 0, 0, 1;
    %store/vec4 v000002527c116010_0, 0, 1;
    %pushi/vec4 0, 0, 8;
    %store/vec4 v000002527c115a70_0, 0, 8;
    %pushi/vec4 0, 0, 8;
    %store/vec4 v000002527c115b10_0, 0, 8;
    %pushi/vec4 0, 0, 8;
    %store/vec4 v000002527c1163d0_0, 0, 8;
    %pushi/vec4 0, 0, 8;
    %store/vec4 v000002527c115930_0, 0, 8;
    %pushi/vec4 0, 0, 8;
    %store/vec4 v000002527c116470_0, 0, 8;
    %pushi/vec4 0, 0, 8;
    %store/vec4 v000002527c1161f0_0, 0, 8;
    %pushi/vec4 0, 0, 8;
    %store/vec4 v000002527c1160b0_0, 0, 8;
    %pushi/vec4 255, 0, 8;
    %store/vec4 v000002527c1157f0_0, 0, 8;
    %pushi/vec4 4, 0, 32;
T_4.0 %dup/vec4;
    %pushi/vec4 0, 0, 32;
    %cmp/s;
    %jmp/1xz T_4.1, 5;
    %jmp/1 T_4.1, 4;
    %pushi/vec4 1, 0, 32;
    %sub;
    %wait E_000002527c09e1a0;
    %jmp T_4.0;
T_4.1 ;
    %pop/vec4 1;
    %pushi/vec4 0, 0, 1;
    %store/vec4 v000002527c115430_0, 0, 1;
    %pushi/vec4 2, 0, 32;
T_4.2 %dup/vec4;
    %pushi/vec4 0, 0, 32;
    %cmp/s;
    %jmp/1xz T_4.3, 5;
    %jmp/1 T_4.3, 4;
    %pushi/vec4 1, 0, 32;
    %sub;
    %wait E_000002527c09e1a0;
    %jmp T_4.2;
T_4.3 ;
    %pop/vec4 1;
    %vpi_func 3 41 "$time" 64 {0 0 0};
    %cast2;
    %store/vec4 v000002527c1165b0_0, 0, 64;
    %fork t_1, S_000002527c0ad270;
    %jmp t_0;
    .scope S_000002527c0ad270;
t_1 ;
    %pushi/vec4 0, 0, 32;
    %store/vec4 v000002527c0a34d0_0, 0, 32;
T_4.4 ;
    %load/vec4 v000002527c0a34d0_0;
    %cmpi/s 512, 0, 32;
    %jmp/0xz T_4.5, 5;
    %wait E_000002527c09e1a0;
    %pushi/vec4 1, 0, 1;
    %store/vec4 v000002527c116010_0, 0, 1;
    %load/vec4 v000002527c0a34d0_0;
    %pushi/vec4 255, 0, 32;
    %and;
    %pad/u 8;
    %store/vec4 v000002527c115a70_0, 0, 8;
    %load/vec4 v000002527c0a34d0_0;
    %ix/load 4, 3, 0;
    %flag_set/imm 4, 0;
    %shiftr 4;
    %pushi/vec4 255, 0, 32;
    %and;
    %pad/u 8;
    %store/vec4 v000002527c115b10_0, 0, 8;
    %load/vec4 v000002527c0a34d0_0;
    %ix/load 4, 5, 0;
    %flag_set/imm 4, 0;
    %shiftr 4;
    %pushi/vec4 255, 0, 32;
    %and;
    %pad/u 8;
    %store/vec4 v000002527c1163d0_0, 0, 8;
    %load/vec4 v000002527c0a34d0_0;
    %addi 1, 0, 32;
    %pad/s 8;
    %store/vec4 v000002527c115930_0, 0, 8;
    %load/vec4 v000002527c0a34d0_0;
    %addi 2, 0, 32;
    %pad/s 8;
    %store/vec4 v000002527c116470_0, 0, 8;
    %load/vec4 v000002527c0a34d0_0;
    %addi 3, 0, 32;
    %pad/s 8;
    %store/vec4 v000002527c1161f0_0, 0, 8;
    ; show_stmt_assign_vector: Get l-value for compressed += operand
    %load/vec4 v000002527c0a34d0_0;
    %pushi/vec4 1, 0, 32;
    %add;
    %cast2;
    %store/vec4 v000002527c0a34d0_0, 0, 32;
    %jmp T_4.4;
T_4.5 ;
    %end;
    .scope S_000002527c0c1110;
t_0 %join;
    %wait E_000002527c09e1a0;
    %pushi/vec4 0, 0, 1;
    %store/vec4 v000002527c116010_0, 0, 1;
    %pushi/vec4 6, 0, 32;
T_4.6 %dup/vec4;
    %pushi/vec4 0, 0, 32;
    %cmp/s;
    %jmp/1xz T_4.7, 5;
    %jmp/1 T_4.7, 4;
    %pushi/vec4 1, 0, 32;
    %sub;
    %wait E_000002527c09e1a0;
    %jmp T_4.6;
T_4.7 ;
    %pop/vec4 1;
    %vpi_func 3 55 "$time" 64 {0 0 0};
    %cast2;
    %store/vec4 v000002527c1154d0_0, 0, 64;
    %load/vec4 v000002527c1154d0_0;
    %load/vec4 v000002527c1165b0_0;
    %sub;
    %cvt/rv/s;
    %pushi/real 1744830464, 4069; load=13.0000
    %div/wr;
    %cvt/vr 64;
    %store/vec4 v000002527c115890_0, 0, 64;
    %vpi_call/w 3 58 "$display", "M4_BENCH N_PAIRS=%0d cycles=%0d", P_000002527c0c12d8, v000002527c115890_0 {0 0 0};
    %pushi/real 1744830464, 4069; load=13.0000
    %vpi_call/w 3 59 "$display", "M4_BENCH period_ns=%0d", W<0,r> {0 1 0};
    %vpi_call/w 3 60 "$finish" {0 0 0};
    %end;
    .thread T_4;
# The file index is used to find the file name in the following table.
:file_names 5;
    "N/A";
    "<interactive>";
    "-";
    "C:\Users\camdo\OneDrive\Documents\cursor-projects\project\m4\bench\tb_bench_synth_top.sv";
    "C:\Users\camdo\OneDrive\Documents\cursor-projects\project\m4\rtl\synth_top.sv";
