
===========================================================================
report_checks -unconstrained
===========================================================================
======================= nom_tt_025C_1v80 Corner ===================================

Startpoint: g_in[4] (input port clocked by clk)
Endpoint: _1098_ (rising edge-triggered flip-flop clocked by clk)
Path Group: clk
Path Type: max

Fanout         Cap        Slew       Delay        Time   Description
---------------------------------------------------------------------------------------------
                      0.150000    0.000000    0.000000   clock clk (rise edge)
                                  0.000000    0.000000   clock network delay (ideal)
                                  4.000000    4.000000 ^ input external delay
    10    0.051755    0.239960    0.163830    4.163830 ^ g_in[4] (in)
                                                         g_in[4] (net)
                      0.239960    0.000000    4.163830 ^ _0847_/B (sky130_fd_sc_hd__nand2_2)
     2    0.004876    0.060014    0.082756    4.246586 v _0847_/Y (sky130_fd_sc_hd__nand2_2)
                                                         _0353_ (net)
                      0.060014    0.000000    4.246586 v _0863_/S (sky130_fd_sc_hd__mux2_1)
     2    0.009734    0.091277    0.355979    4.602565 v _0863_/X (sky130_fd_sc_hd__mux2_1)
                                                         _0368_ (net)
                      0.091277    0.000000    4.602565 v _0864_/B (sky130_fd_sc_hd__xnor2_2)
     3    0.009607    0.073670    0.162448    4.765013 v _0864_/Y (sky130_fd_sc_hd__xnor2_2)
                                                         _0369_ (net)
                      0.073670    0.000000    4.765013 v _0866_/C (sky130_fd_sc_hd__and3_2)
     1    0.001321    0.033058    0.206278    4.971290 v _0866_/X (sky130_fd_sc_hd__and3_2)
                                                         _0371_ (net)
                      0.033058    0.000000    4.971290 v _0867_/B (sky130_fd_sc_hd__or2_2)
     3    0.006797    0.067971    0.282945    5.254235 v _0867_/X (sky130_fd_sc_hd__or2_2)
                                                         _0372_ (net)
                      0.067971    0.000000    5.254235 v _0872_/D (sky130_fd_sc_hd__or4_2)
     4    0.009281    0.128930    0.583325    5.837560 v _0872_/X (sky130_fd_sc_hd__or4_2)
                                                         _0377_ (net)
                      0.128930    0.000000    5.837560 v _0918_/B (sky130_fd_sc_hd__or2_2)
     2    0.008360    0.072437    0.325088    6.162647 v _0918_/X (sky130_fd_sc_hd__or2_2)
                                                         _0420_ (net)
                      0.072437    0.000000    6.162647 v _0919_/A3 (sky130_fd_sc_hd__a31oi_2)
     3    0.007941    0.178391    0.221589    6.384236 ^ _0919_/Y (sky130_fd_sc_hd__a31oi_2)
                                                         _0421_ (net)
                      0.178391    0.000000    6.384236 ^ _0939_/B (sky130_fd_sc_hd__or3_2)
     2    0.006348    0.046422    0.157567    6.541803 ^ _0939_/X (sky130_fd_sc_hd__or3_2)
                                                         _0439_ (net)
                      0.046422    0.000000    6.541803 ^ _0942_/C_N (sky130_fd_sc_hd__or3b_2)
     4    0.012499    0.113348    0.488761    7.030564 v _0942_/X (sky130_fd_sc_hd__or3b_2)
                                                         _0442_ (net)
                      0.113348    0.000000    7.030564 v _0948_/A2 (sky130_fd_sc_hd__a21oi_2)
     3    0.010800    0.165411    0.211918    7.242482 ^ _0948_/Y (sky130_fd_sc_hd__a21oi_2)
                                                         _0447_ (net)
                      0.165411    0.000000    7.242482 ^ _0952_/A2 (sky130_fd_sc_hd__o21ai_2)
     2    0.006064    0.068081    0.076617    7.319099 v _0952_/Y (sky130_fd_sc_hd__o21ai_2)
                                                         _0450_ (net)
                      0.068081    0.000000    7.319099 v _0953_/C (sky130_fd_sc_hd__and3_2)
     1    0.001681    0.034341    0.205764    7.524864 v _0953_/X (sky130_fd_sc_hd__and3_2)
                                                         _0046_ (net)
                      0.034341    0.000000    7.524864 v _1098_/D (sky130_fd_sc_hd__dfxtp_2)
                                              7.524864   data arrival time

                      0.150000   20.000000   20.000000   clock clk (rise edge)
                                  0.000000   20.000000   clock network delay (ideal)
                                 -0.250000   19.750002   clock uncertainty
                                  0.000000   19.750002   clock reconvergence pessimism
                                             19.750002 ^ _1098_/CLK (sky130_fd_sc_hd__dfxtp_2)
                                 -0.083724   19.666277   library setup time
                                             19.666277   data required time
---------------------------------------------------------------------------------------------
                                             19.666277   data required time
                                             -7.524864   data arrival time
---------------------------------------------------------------------------------------------
                                             12.141413   slack (MET)




===========================================================================
report_checks --slack_max -0.01
============================================================================
======================= nom_tt_025C_1v80 Corner ===================================

No paths found.


===========================================================================
 report_check_types -max_slew -max_cap -max_fanout -violators
============================================================================
======================= nom_tt_025C_1v80 Corner ===================================

max fanout

Pin                                   Limit Fanout  Slack
---------------------------------------------------------
_0533_/Y                                 10     46    -36 (VIOLATED)
rst                                      10     25    -15 (VIOLATED)
r_in[5]                                  10     12     -2 (VIOLATED)
g_in[3]                                  10     11        (VIOLATED)
g_in[5]                                  10     11        (VIOLATED)
g_in[6]                                  10     11        (VIOLATED)
r_in[2]                                  10     11        (VIOLATED)
r_in[4]                                  10     11        (VIOLATED)



===========================================================================
report_parasitic_annotation -report_unannotated
============================================================================
Found 639 unannotated drivers.
 b_in[0]
 b_in[1]
 b_in[2]
 b_in[3]
 b_in[4]
 b_in[5]
 b_in[6]
 b_in[7]
 clk
 g_in[0]
 g_in[1]
 g_in[2]
 g_in[3]
 g_in[4]
 g_in[5]
 g_in[6]
 g_in[7]
 hi_thresh[0]
 hi_thresh[1]
 hi_thresh[2]
 hi_thresh[3]
 hi_thresh[4]
 hi_thresh[5]
 hi_thresh[6]
 hi_thresh[7]
 lo_thresh[0]
 lo_thresh[1]
 lo_thresh[2]
 lo_thresh[3]
 lo_thresh[4]
 lo_thresh[5]
 lo_thresh[6]
 lo_thresh[7]
 r_in[0]
 r_in[1]
 r_in[2]
 r_in[3]
 r_in[4]
 r_in[5]
 r_in[6]
 r_in[7]
 rst
 valid_in
 _0526_/Y
 _0527_/Y
 _0528_/Y
 _0529_/Y
 _0530_/Y
 _0531_/Y
 _0532_/Y
 _0533_/Y
 _0534_/X
 _0535_/X
 _0536_/X
 _0537_/X
 _0538_/X
 _0539_/X
 _0540_/X
 _0541_/X
 _0542_/X
 _0543_/X
 _0544_/X
 _0545_/Y
 _0546_/X
 _0547_/X
 _0548_/Y
 _0549_/X
 _0550_/X
 _0551_/Y
 _0552_/Y
 _0553_/X
 _0554_/Y
 _0555_/X
 _0556_/Y
 _0557_/X
 _0558_/X
 _0559_/Y
 _0560_/X
 _0561_/Y
 _0562_/X
 _0563_/X
 _0564_/Y
 _0565_/X
 _0566_/X
 _0567_/Y
 _0568_/Y
 _0569_/Y
 _0570_/X
 _0571_/X
 _0572_/X
 _0573_/Y
 _0574_/Y
 _0575_/Y
 _0576_/X
 _0577_/Y
 _0578_/X
 _0579_/X
 _0580_/X
 _0581_/X
 _0582_/X
 _0583_/X
 _0584_/X
 _0585_/Y
 _0586_/X
 _0587_/Y
 _0588_/X
 _0589_/Y
 _0590_/Y
 _0591_/Y
 _0592_/Y
 _0593_/Y
 _0594_/Y
 _0595_/Y
 _0596_/Y
 _0597_/X
 _0598_/Y
 _0599_/Y
 _0600_/Y
 _0601_/Y
 _0602_/Y
 _0603_/Y
 _0604_/X
 _0605_/Y
 _0606_/Y
 _0607_/X
 _0608_/Y
 _0609_/X
 _0610_/Y
 _0611_/X
 _0612_/Y
 _0613_/Y
 _0614_/X
 _0615_/X
 _0616_/Y
 _0617_/X
 _0618_/Y
 _0619_/X
 _0620_/Y
 _0621_/Y
 _0622_/X
 _0623_/X
 _0624_/Y
 _0625_/Y
 _0626_/Y
 _0627_/Y
 _0628_/X
 _0629_/Y
 _0630_/X
 _0631_/Y
 _0632_/Y
 _0633_/X
 _0634_/Y
 _0635_/Y
 _0636_/X
 _0637_/Y
 _0638_/X
 _0639_/X
 _0640_/Y
 _0641_/X
 _0642_/Y
 _0643_/X
 _0644_/Y
 _0645_/Y
 _0646_/Y
 _0647_/X
 _0648_/X
 _0649_/Y
 _0650_/X
 _0651_/X
 _0652_/Y
 _0653_/Y
 _0654_/X
 _0655_/X
 _0656_/Y
 _0657_/Y
 _0658_/X
 _0659_/Y
 _0660_/X
 _0661_/Y
 _0662_/Y
 _0663_/X
 _0664_/Y
 _0665_/Y
 _0666_/Y
 _0667_/X
 _0668_/Y
 _0669_/Y
 _0670_/X
 _0671_/X
 _0672_/Y
 _0673_/Y
 _0674_/X
 _0675_/Y
 _0676_/Y
 _0677_/X
 _0678_/Y
 _0679_/Y
 _0680_/X
 _0681_/Y
 _0682_/X
 _0683_/X
 _0684_/X
 _0685_/Y
 _0686_/X
 _0687_/X
 _0688_/Y
 _0689_/X
 _0690_/Y
 _0691_/X
 _0692_/X
 _0693_/Y
 _0694_/X
 _0695_/X
 _0696_/Y
 _0697_/X
 _0698_/X
 _0699_/Y
 _0700_/X
 _0701_/X
 _0702_/X
 _0703_/X
 _0704_/X
 _0705_/X
 _0706_/X
 _0707_/X
 _0708_/X
 _0709_/X
 _0710_/X
 _0711_/X
 _0712_/X
 _0713_/X
 _0714_/X
 _0715_/Y
 _0716_/X
 _0717_/Y
 _0718_/X
 _0719_/X
 _0720_/Y
 _0721_/Y
 _0722_/X
 _0723_/Y
 _0724_/X
 _0725_/X
 _0726_/X
 _0727_/X
 _0728_/X
 _0729_/X
 _0730_/Y
 _0731_/X
 _0732_/Y
 _0733_/X
 _0734_/Y
 _0735_/Y
 _0736_/Y
 _0737_/X
 _0738_/Y
 _0739_/X
 _0740_/Y
 _0741_/X
 _0742_/X
 _0743_/Y
 _0744_/X
 _0745_/Y
 _0746_/Y
 _0747_/X
 _0748_/Y
 _0749_/X
 _0750_/Y
 _0751_/Y
 _0752_/X
 _0753_/Y
 _0754_/Y
 _0755_/X
 _0756_/X
 _0757_/Y
 _0758_/X
 _0759_/Y
 _0760_/X
 _0761_/X
 _0762_/Y
 _0763_/Y
 _0764_/Y
 _0765_/Y
 _0766_/Y
 _0767_/Y
 _0768_/X
 _0769_/Y
 _0770_/Y
 _0771_/Y
 _0772_/Y
 _0773_/Y
 _0774_/Y
 _0775_/X
 _0776_/X
 _0777_/X
 _0778_/Y
 _0779_/X
 _0780_/X
 _0781_/X
 _0782_/Y
 _0783_/Y
 _0784_/X
 _0785_/X
 _0786_/Y
 _0787_/X
 _0788_/X
 _0789_/X
 _0790_/Y
 _0791_/Y
 _0792_/X
 _0793_/Y
 _0794_/X
 _0795_/X
 _0796_/X
 _0797_/X
 _0798_/X
 _0799_/Y
 _0800_/X
 _0801_/Y
 _0802_/Y
 _0803_/X
 _0804_/Y
 _0805_/X
 _0806_/X
 _0807_/X
 _0808_/Y
 _0809_/Y
 _0810_/Y
 _0811_/Y
 _0812_/Y
 _0813_/Y
 _0814_/X
 _0815_/Y
 _0816_/X
 _0817_/Y
 _0818_/Y
 _0819_/X
 _0820_/X
 _0821_/Y
 _0822_/Y
 _0823_/Y
 _0824_/X
 _0825_/X
 _0826_/Y
 _0827_/Y
 _0828_/Y
 _0829_/X
 _0830_/X
 _0831_/Y
 _0832_/Y
 _0833_/X
 _0834_/Y
 _0835_/Y
 _0836_/X
 _0837_/X
 _0838_/Y
 _0839_/X
 _0840_/Y
 _0841_/X
 _0842_/X
 _0843_/Y
 _0844_/X
 _0845_/X
 _0846_/X
 _0847_/Y
 _0848_/X
 _0849_/Y
 _0850_/X
 _0851_/Y
 _0852_/X
 _0853_/Y
 _0854_/Y
 _0855_/X
 _0856_/X
 _0857_/X
 _0858_/Y
 _0859_/X
 _0860_/X
 _0861_/Y
 _0862_/X
 _0863_/X
 _0864_/Y
 _0865_/Y
 _0866_/X
 _0867_/X
 _0868_/X
 _0869_/Y
 _0870_/Y
 _0871_/Y
 _0872_/X
 _0873_/X
 _0874_/Y
 _0875_/X
 _0876_/Y
 _0877_/X
 _0878_/Y
 _0879_/X
 _0880_/X
 _0881_/X
 _0882_/Y
 _0883_/Y
 _0884_/X
 _0885_/X
 _0886_/Y
 _0887_/Y
 _0888_/Y
 _0889_/X
 _0890_/X
 _0891_/X
 _0892_/X
 _0893_/Y
 _0894_/X
 _0895_/Y
 _0896_/Y
 _0897_/X
 _0898_/X
 _0899_/Y
 _0900_/Y
 _0901_/X
 _0902_/Y
 _0903_/X
 _0904_/Y
 _0905_/X
 _0906_/Y
 _0907_/X
 _0908_/X
 _0909_/X
 _0910_/X
 _0911_/X
 _0912_/X
 _0913_/Y
 _0914_/X
 _0915_/Y
 _0916_/Y
 _0917_/X
 _0918_/X
 _0919_/Y
 _0920_/X
 _0921_/Y
 _0922_/X
 _0923_/X
 _0924_/X
 _0925_/Y
 _0926_/Y
 _0927_/X
 _0928_/Y
 _0929_/Y
 _0930_/X
 _0931_/Y
 _0932_/X
 _0933_/X
 _0934_/Y
 _0935_/Y
 _0936_/X
 _0937_/X
 _0938_/Y
 _0939_/X
 _0940_/Y
 _0941_/Y
 _0942_/X
 _0943_/X
 _0944_/X
 _0945_/Y
 _0946_/X
 _0947_/X
 _0948_/Y
 _0949_/X
 _0950_/Y
 _0951_/X
 _0952_/Y
 _0953_/X
 _0954_/Y
 _0955_/X
 _0956_/Y
 _0957_/X
 _0958_/Y
 _0959_/X
 _0960_/X
 _0961_/Y
 _0962_/X
 _0963_/X
 _0964_/Y
 _0965_/Y
 _0966_/X
 _0967_/X
 _0968_/X
 _0969_/Y
 _0970_/X
 _0971_/X
 _0972_/Y
 _0973_/X
 _0974_/X
 _0975_/Y
 _0976_/X
 _0977_/Y
 _0978_/Y
 _0979_/X
 _0980_/Y
 _0981_/X
 _0982_/X
 _0983_/X
 _0984_/X
 _0985_/Y
 _0986_/X
 _0987_/X
 _0988_/Y
 _0989_/X
 _0990_/X
 _0991_/X
 _0992_/X
 _0993_/X
 _0994_/X
 _0995_/Y
 _0996_/X
 _0997_/X
 _0998_/X
 _0999_/Y
 _1000_/X
 _1001_/X
 _1002_/Y
 _1003_/X
 _1004_/X
 _1005_/Y
 _1006_/Y
 _1007_/Y
 _1008_/Y
 _1009_/Y
 _1010_/X
 _1011_/Y
 _1012_/X
 _1013_/Y
 _1014_/X
 _1015_/X
 _1016_/Y
 _1017_/X
 _1018_/Y
 _1019_/X
 _1020_/X
 _1021_/Y
 _1022_/Y
 _1023_/X
 _1024_/Y
 _1025_/X
 _1026_/X
 _1027_/X
 _1028_/X
 _1029_/Y
 _1030_/X
 _1031_/X
 _1032_/Y
 _1033_/X
 _1034_/Y
 _1035_/X
 _1036_/Y
 _1037_/X
 _1038_/Y
 _1039_/Y
 _1040_/X
 _1041_/X
 _1042_/X
 _1043_/X
 _1044_/X
 _1045_/X
 _1046_/X
 _1047_/X
 _1048_/X
 _1049_/X
 _1050_/X
 _1051_/X
 _1052_/Q
 _1053_/Q
 _1054_/Q
 _1055_/Q
 _1056_/Q
 _1057_/Q
 _1058_/Q
 _1059_/Q
 _1060_/Q
 _1061_/Q
 _1062_/Q
 _1063_/Q
 _1064_/Q
 _1065_/Q
 _1066_/Q
 _1067_/Q
 _1068_/Q
 _1069_/Q
 _1070_/Q
 _1071_/Q
 _1072_/Q
 _1073_/Q
 _1074_/Q
 _1075_/Q
 _1076_/Q
 _1077_/Q
 _1078_/Q
 _1079_/Q
 _1080_/Q
 _1081_/Q
 _1082_/Q
 _1083_/Q
 _1084_/Q
 _1085_/Q
 _1086_/Q
 _1087_/Q
 _1088_/Q
 _1089_/Q
 _1090_/Q
 _1091_/Q
 _1092_/Q
 _1093_/Q
 _1094_/Q
 _1095_/Q
 _1096_/Q
 _1097_/Q
 _1098_/Q
 _1099_/Q
 _1100_/Q
 _1101_/Q
 _1102_/Q
 _1103_/Q
 _1104_/Q
 _1105_/Q
 _1106_/Q
 _1107_/Q
 _1108_/Q
 _1109_/Q
 _1110_/Q
 _1111_/Q
 _1112_/Q
 _1113_/Q
 _1114_/Q
 _1115_/Q
 _1116_/Q
 _1117_/Q
 _1118_/Q
 _1119_/Q
 _1120_/Q
 _1121_/Q
Found 0 partially unannotated drivers.

===========================================================================
max slew violation count 0
max fanout violation count 8
max cap violation count 0
============================================================================

===========================================================================
check_setup -verbose -unconstrained_endpoints -multiple_clock -no_clock -no_input_delay -loops -generated_clocks
===========================================================================
