
===========================================================================
report_checks -unconstrained
===========================================================================
======================= nom_ss_100C_1v60 Corner ===================================

Startpoint: g_in[3] (input port clocked by clk)
Endpoint: _1098_ (rising edge-triggered flip-flop clocked by clk)
Path Group: clk
Path Type: max

Fanout         Cap        Slew       Delay        Time   Description
---------------------------------------------------------------------------------------------
                                  0.000000    0.000000   clock clk (rise edge)
                                  0.000000    0.000000   clock network delay (propagated)
                                  4.000000    4.000000 ^ input external delay
     1    0.002764    0.032014    0.015601    4.015601 ^ g_in[3] (in)
                                                         g_in[3] (net)
                      0.032014    0.000000    4.015601 ^ input12/A (sky130_fd_sc_hd__clkbuf_1)
     2    0.008742    0.178265    0.210754    4.226356 ^ input12/X (sky130_fd_sc_hd__clkbuf_1)
                                                         net12 (net)
                      0.178265    0.000205    4.226561 ^ fanout67/A (sky130_fd_sc_hd__buf_2)
    10    0.034661    0.275309    0.396132    4.622692 ^ fanout67/X (sky130_fd_sc_hd__buf_2)
                                                         net67 (net)
                      0.275309    0.000760    4.623452 ^ _0847_/A (sky130_fd_sc_hd__nand2_1)
     2    0.006266    0.138774    0.218869    4.842321 v _0847_/Y (sky130_fd_sc_hd__nand2_1)
                                                         _0353_ (net)
                      0.138774    0.000099    4.842420 v _0863_/S (sky130_fd_sc_hd__mux2_1)
     2    0.006525    0.145731    0.766994    5.609414 v _0863_/X (sky130_fd_sc_hd__mux2_1)
                                                         _0368_ (net)
                      0.145731    0.000116    5.609529 v _0864_/B (sky130_fd_sc_hd__xnor2_1)
     3    0.008680    0.178162    0.306388    5.915917 v _0864_/Y (sky130_fd_sc_hd__xnor2_1)
                                                         _0369_ (net)
                      0.178162    0.000192    5.916110 v _0866_/C (sky130_fd_sc_hd__and3_1)
     1    0.002227    0.066158    0.404182    6.320292 v _0866_/X (sky130_fd_sc_hd__and3_1)
                                                         _0371_ (net)
                      0.066158    0.000060    6.320352 v _0867_/B (sky130_fd_sc_hd__or2_1)
     3    0.007112    0.134270    0.505895    6.826247 v _0867_/X (sky130_fd_sc_hd__or2_1)
                                                         _0372_ (net)
                      0.134270    0.000205    6.826452 v _0872_/D (sky130_fd_sc_hd__or4_1)
     4    0.013279    0.295714    1.163224    7.989676 v _0872_/X (sky130_fd_sc_hd__or4_1)
                                                         _0377_ (net)
                      0.295714    0.000388    7.990064 v _0918_/B (sky130_fd_sc_hd__or2_1)
     2    0.005092    0.118809    0.580021    8.570086 v _0918_/X (sky130_fd_sc_hd__or2_1)
                                                         _0420_ (net)
                      0.118809    0.000106    8.570191 v _0919_/A3 (sky130_fd_sc_hd__a31oi_1)
     3    0.007373    0.340817    0.390502    8.960693 ^ _0919_/Y (sky130_fd_sc_hd__a31oi_1)
                                                         _0421_ (net)
                      0.340817    0.000185    8.960877 ^ _0939_/B (sky130_fd_sc_hd__or3_1)
     2    0.004891    0.091162    0.299900    9.260777 ^ _0939_/X (sky130_fd_sc_hd__or3_1)
                                                         _0439_ (net)
                      0.091162    0.000122    9.260899 ^ _0942_/C_N (sky130_fd_sc_hd__or3b_2)
     4    0.014827    0.236202    1.163036   10.423935 v _0942_/X (sky130_fd_sc_hd__or3b_2)
                                                         _0442_ (net)
                      0.236202    0.000608   10.424542 v _0948_/A2 (sky130_fd_sc_hd__a21oi_1)
     3    0.009231    0.361593    0.446320   10.870863 ^ _0948_/Y (sky130_fd_sc_hd__a21oi_1)
                                                         _0447_ (net)
                      0.361593    0.000230   10.871093 ^ _0952_/A2 (sky130_fd_sc_hd__o21ai_1)
     2    0.004890    0.122424    0.234990   11.106083 v _0952_/Y (sky130_fd_sc_hd__o21ai_1)
                                                         _0450_ (net)
                      0.122424    0.000091   11.106174 v _0953_/C (sky130_fd_sc_hd__and3_1)
     1    0.002219    0.065796    0.376544   11.482718 v _0953_/X (sky130_fd_sc_hd__and3_1)
                                                         _0046_ (net)
                      0.065796    0.000065   11.482783 v _1098_/D (sky130_fd_sc_hd__dfxtp_1)
                                             11.482783   data arrival time

                                 20.000000   20.000000   clock clk (rise edge)
                                  0.000000   20.000000   clock source latency
     1    0.020400    0.152721    0.104373   20.104374 ^ clk (in)
                                                         clk (net)
                      0.152728    0.000000   20.104374 ^ clkbuf_0_clk/A (sky130_fd_sc_hd__clkbuf_16)
     8    0.093849    0.167392    0.345715   20.450089 ^ clkbuf_0_clk/X (sky130_fd_sc_hd__clkbuf_16)
                                                         clknet_0_clk (net)
                      0.167456    0.003102   20.453190 ^ clkbuf_3_2__f_clk/A (sky130_fd_sc_hd__clkbuf_16)
     9    0.034839    0.087198    0.287130   20.740320 ^ clkbuf_3_2__f_clk/X (sky130_fd_sc_hd__clkbuf_16)
                                                         clknet_3_2__leaf_clk (net)
                      0.087205    0.000840   20.741161 ^ _1098_/CLK (sky130_fd_sc_hd__dfxtp_1)
                                 -0.250000   20.491161   clock uncertainty
                                  0.000000   20.491161   clock reconvergence pessimism
                                 -0.262599   20.228563   library setup time
                                             20.228563   data required time
---------------------------------------------------------------------------------------------
                                             20.228563   data required time
                                            -11.482783   data arrival time
---------------------------------------------------------------------------------------------
                                              8.745779   slack (MET)




===========================================================================
report_checks --slack_max -0.01
============================================================================
======================= nom_ss_100C_1v60 Corner ===================================

No paths found.


===========================================================================
 report_check_types -max_slew -max_cap -max_fanout -violators
============================================================================
======================= nom_ss_100C_1v60 Corner ===================================

max fanout

Pin                                   Limit Fanout  Slack
---------------------------------------------------------
clkbuf_3_3__f_clk/X                      10     12     -2 (VIOLATED)
clkbuf_3_7__f_clk/X                      10     12     -2 (VIOLATED)



===========================================================================
report_parasitic_annotation -report_unannotated
============================================================================
Found 7 unannotated drivers.
 clkload0/Y
 clkload1/Y
 clkload2/Y
 clkload3/X
 clkload4/Y
 clkload5/Y
 clkload6/Y
Found 0 partially unannotated drivers.

===========================================================================
max slew violation count 0
max fanout violation count 2
max cap violation count 0
============================================================================

===========================================================================
check_setup -verbose -unconstrained_endpoints -multiple_clock -no_clock -no_input_delay -loops -generated_clocks
===========================================================================
