
===========================================================================
report_checks -unconstrained
===========================================================================
======================= min_ff_n40C_1v95 Corner ===================================

Startpoint: g_in[3] (input port clocked by clk)
Endpoint: _1098_ (rising edge-triggered flip-flop clocked by clk)
Path Group: clk
Path Type: max

Fanout         Cap        Slew       Delay        Time   Description
---------------------------------------------------------------------------------------------
                                  0.000000    0.000000   clock clk (rise edge)
                                  0.000000    0.000000   clock network delay (propagated)
                                  4.000000    4.000000 ^ input external delay
     1    0.002848    0.014086    0.007346    4.007346 ^ g_in[3] (in)
                                                         g_in[3] (net)
                      0.014086    0.000000    4.007346 ^ input12/A (sky130_fd_sc_hd__clkbuf_1)
     2    0.008400    0.079065    0.080644    4.087990 ^ input12/X (sky130_fd_sc_hd__clkbuf_1)
                                                         net12 (net)
                      0.079065    0.000098    4.088088 ^ fanout67/A (sky130_fd_sc_hd__buf_2)
    10    0.034443    0.128696    0.150489    4.238577 ^ fanout67/X (sky130_fd_sc_hd__buf_2)
                                                         net67 (net)
                      0.128737    0.000322    4.238899 ^ _0847_/A (sky130_fd_sc_hd__nand2_1)
     2    0.006449    0.051459    0.051493    4.290392 v _0847_/Y (sky130_fd_sc_hd__nand2_1)
                                                         _0353_ (net)
                      0.051459    0.000025    4.290418 v _0863_/S (sky130_fd_sc_hd__mux2_1)
     2    0.006624    0.052545    0.202966    4.493383 v _0863_/X (sky130_fd_sc_hd__mux2_1)
                                                         _0368_ (net)
                      0.052545    0.000029    4.493412 v _0864_/B (sky130_fd_sc_hd__xnor2_1)
     3    0.009261    0.171391    0.160773    4.654185 ^ _0864_/Y (sky130_fd_sc_hd__xnor2_1)
                                                         _0369_ (net)
                      0.171391    0.000088    4.654273 ^ _0865_/B1 (sky130_fd_sc_hd__a21oi_1)
     2    0.006652    0.054601    0.045222    4.699495 v _0865_/Y (sky130_fd_sc_hd__a21oi_1)
                                                         _0370_ (net)
                      0.054601    0.000066    4.699561 v _0867_/A (sky130_fd_sc_hd__or2_1)
     3    0.007096    0.046314    0.155515    4.855076 v _0867_/X (sky130_fd_sc_hd__or2_1)
                                                         _0372_ (net)
                      0.046314    0.000101    4.855177 v _0872_/D (sky130_fd_sc_hd__or4_1)
     4    0.012886    0.093957    0.273472    5.128649 v _0872_/X (sky130_fd_sc_hd__or4_1)
                                                         _0377_ (net)
                      0.093957    0.000203    5.128852 v _0918_/B (sky130_fd_sc_hd__or2_1)
     2    0.004986    0.039693    0.150741    5.279593 v _0918_/X (sky130_fd_sc_hd__or2_1)
                                                         _0420_ (net)
                      0.039693    0.000032    5.279625 v _0919_/A3 (sky130_fd_sc_hd__a31oi_1)
     3    0.007582    0.160718    0.162601    5.442226 ^ _0919_/Y (sky130_fd_sc_hd__a31oi_1)
                                                         _0421_ (net)
                      0.160718    0.000087    5.442313 ^ _0939_/B (sky130_fd_sc_hd__or3_1)
     2    0.004981    0.042731    0.093944    5.536257 ^ _0939_/X (sky130_fd_sc_hd__or3_1)
                                                         _0439_ (net)
                      0.042731    0.000050    5.536307 ^ _0942_/C_N (sky130_fd_sc_hd__or3b_2)
     4    0.014187    0.076781    0.285125    5.821432 v _0942_/X (sky130_fd_sc_hd__or3b_2)
                                                         _0442_ (net)
                      0.076781    0.000311    5.821743 v _0948_/A2 (sky130_fd_sc_hd__a21oi_1)
     3    0.009139    0.161770    0.174220    5.995964 ^ _0948_/Y (sky130_fd_sc_hd__a21oi_1)
                                                         _0447_ (net)
                      0.161770    0.000089    5.996053 ^ _0952_/A2 (sky130_fd_sc_hd__o21ai_1)
     2    0.004858    0.046518    0.050474    6.046527 v _0952_/Y (sky130_fd_sc_hd__o21ai_1)
                                                         _0450_ (net)
                      0.046518    0.000027    6.046554 v _0953_/C (sky130_fd_sc_hd__and3_1)
     1    0.002312    0.025845    0.113640    6.160194 v _0953_/X (sky130_fd_sc_hd__and3_1)
                                                         _0046_ (net)
                      0.025845    0.000022    6.160216 v _1098_/D (sky130_fd_sc_hd__dfxtp_1)
                                              6.160216   data arrival time

                                 20.000000   20.000000   clock clk (rise edge)
                                  0.000000   20.000000   clock source latency
     1    0.019634    0.070503    0.048235   20.048235 ^ clk (in)
                                                         clk (net)
                      0.070514    0.000000   20.048235 ^ clkbuf_0_clk/A (sky130_fd_sc_hd__clkbuf_16)
     8    0.091604    0.082545    0.135971   20.184206 ^ clkbuf_0_clk/X (sky130_fd_sc_hd__clkbuf_16)
                                                         clknet_0_clk (net)
                      0.082639    0.001734   20.185940 ^ clkbuf_3_2__f_clk/A (sky130_fd_sc_hd__clkbuf_16)
     9    0.035382    0.042358    0.108741   20.294682 ^ clkbuf_3_2__f_clk/X (sky130_fd_sc_hd__clkbuf_16)
                                                         clknet_3_2__leaf_clk (net)
                      0.042359    0.000403   20.295086 ^ _1098_/CLK (sky130_fd_sc_hd__dfxtp_1)
                                 -0.250000   20.045086   clock uncertainty
                                  0.000000   20.045086   clock reconvergence pessimism
                                 -0.066809   19.978277   library setup time
                                             19.978277   data required time
---------------------------------------------------------------------------------------------
                                             19.978277   data required time
                                             -6.160216   data arrival time
---------------------------------------------------------------------------------------------
                                             13.818062   slack (MET)




===========================================================================
report_checks --slack_max -0.01
============================================================================
======================= min_ff_n40C_1v95 Corner ===================================

No paths found.


===========================================================================
 report_check_types -max_slew -max_cap -max_fanout -violators
============================================================================
======================= min_ff_n40C_1v95 Corner ===================================

max fanout

Pin                                   Limit Fanout  Slack
---------------------------------------------------------
clkbuf_3_3__f_clk/X                      10     12     -2 (VIOLATED)
clkbuf_3_7__f_clk/X                      10     12     -2 (VIOLATED)



===========================================================================
report_parasitic_annotation -report_unannotated
============================================================================
Found 7 unannotated drivers.
 clkload0/Y
 clkload1/Y
 clkload2/Y
 clkload3/X
 clkload4/Y
 clkload5/Y
 clkload6/Y
Found 0 partially unannotated drivers.

===========================================================================
max slew violation count 0
max fanout violation count 2
max cap violation count 0
============================================================================

===========================================================================
check_setup -verbose -unconstrained_endpoints -multiple_clock -no_clock -no_input_delay -loops -generated_clocks
===========================================================================
