
===========================================================================
report_checks -unconstrained
===========================================================================
======================= nom_tt_025C_1v80 Corner ===================================

Startpoint: g_in[3] (input port clocked by clk)
Endpoint: _1098_ (rising edge-triggered flip-flop clocked by clk)
Path Group: clk
Path Type: max

Fanout         Cap        Slew       Delay        Time   Description
---------------------------------------------------------------------------------------------
                                  0.000000    0.000000   clock clk (rise edge)
                                  0.000000    0.000000   clock network delay (propagated)
                                  4.000000    4.000000 ^ input external delay
     1    0.002830    0.019859    0.010424    4.010424 ^ g_in[3] (in)
                                                         g_in[3] (net)
                      0.019859    0.000000    4.010424 ^ input12/A (sky130_fd_sc_hd__clkbuf_1)
     2    0.008804    0.111127    0.119532    4.129956 ^ input12/X (sky130_fd_sc_hd__clkbuf_1)
                                                         net12 (net)
                      0.111128    0.000207    4.130164 ^ fanout67/A (sky130_fd_sc_hd__buf_2)
    10    0.035152    0.174701    0.225233    4.355397 ^ fanout67/X (sky130_fd_sc_hd__buf_2)
                                                         net67 (net)
                      0.174702    0.000769    4.356165 ^ _0847_/A (sky130_fd_sc_hd__nand2_1)
     2    0.006422    0.074144    0.098478    4.454643 v _0847_/Y (sky130_fd_sc_hd__nand2_1)
                                                         _0353_ (net)
                      0.074144    0.000101    4.454744 v _0863_/S (sky130_fd_sc_hd__mux2_1)
     2    0.006647    0.074089    0.341460    4.796204 v _0863_/X (sky130_fd_sc_hd__mux2_1)
                                                         _0368_ (net)
                      0.074089    0.000118    4.796322 v _0864_/B (sky130_fd_sc_hd__xnor2_1)
     3    0.009404    0.244262    0.237433    5.033755 ^ _0864_/Y (sky130_fd_sc_hd__xnor2_1)
                                                         _0369_ (net)
                      0.244262    0.000187    5.033943 ^ _0865_/B1 (sky130_fd_sc_hd__a21oi_1)
     2    0.006677    0.081181    0.096579    5.130522 v _0865_/Y (sky130_fd_sc_hd__a21oi_1)
                                                         _0370_ (net)
                      0.081181    0.000167    5.130689 v _0867_/A (sky130_fd_sc_hd__or2_1)
     3    0.007179    0.068347    0.259910    5.390599 v _0867_/X (sky130_fd_sc_hd__or2_1)
                                                         _0372_ (net)
                      0.068347    0.000207    5.390806 v _0872_/D (sky130_fd_sc_hd__or4_1)
     4    0.013312    0.143400    0.484861    5.875667 v _0872_/X (sky130_fd_sc_hd__or4_1)
                                                         _0377_ (net)
                      0.143400    0.000390    5.876057 v _0918_/B (sky130_fd_sc_hd__or2_1)
     2    0.005038    0.058248    0.254313    6.130369 v _0918_/X (sky130_fd_sc_hd__or2_1)
                                                         _0420_ (net)
                      0.058248    0.000105    6.130474 v _0919_/A3 (sky130_fd_sc_hd__a31oi_1)
     3    0.007564    0.217543    0.232228    6.362702 ^ _0919_/Y (sky130_fd_sc_hd__a31oi_1)
                                                         _0421_ (net)
                      0.217543    0.000190    6.362892 ^ _0939_/B (sky130_fd_sc_hd__or3_1)
     2    0.004985    0.057547    0.155858    6.518749 ^ _0939_/X (sky130_fd_sc_hd__or3_1)
                                                         _0439_ (net)
                      0.057547    0.000124    6.518874 ^ _0942_/C_N (sky130_fd_sc_hd__or3b_2)
     4    0.014791    0.115126    0.499863    7.018737 v _0942_/X (sky130_fd_sc_hd__or3b_2)
                                                         _0442_ (net)
                      0.115129    0.000604    7.019341 v _0948_/A2 (sky130_fd_sc_hd__a21oi_1)
     3    0.009339    0.225632    0.255997    7.275339 ^ _0948_/Y (sky130_fd_sc_hd__a21oi_1)
                                                         _0447_ (net)
                      0.225633    0.000231    7.275570 ^ _0952_/A2 (sky130_fd_sc_hd__o21ai_1)
     2    0.004910    0.064437    0.102457    7.378027 v _0952_/Y (sky130_fd_sc_hd__o21ai_1)
                                                         _0450_ (net)
                      0.064437    0.000093    7.378120 v _0953_/C (sky130_fd_sc_hd__and3_1)
     1    0.002280    0.034282    0.178433    7.556553 v _0953_/X (sky130_fd_sc_hd__and3_1)
                                                         _0046_ (net)
                      0.034282    0.000067    7.556620 v _1098_/D (sky130_fd_sc_hd__dfxtp_1)
                                              7.556620   data arrival time

                                 20.000000   20.000000   clock clk (rise edge)
                                  0.000000   20.000000   clock source latency
     1    0.020400    0.097503    0.067230   20.067230 ^ clk (in)
                                                         clk (net)
                      0.097514    0.000000   20.067230 ^ clkbuf_0_clk/A (sky130_fd_sc_hd__clkbuf_16)
     8    0.093849    0.109840    0.199744   20.266975 ^ clkbuf_0_clk/X (sky130_fd_sc_hd__clkbuf_16)
                                                         clknet_0_clk (net)
                      0.110019    0.003098   20.270073 ^ clkbuf_3_2__f_clk/A (sky130_fd_sc_hd__clkbuf_16)
     9    0.036169    0.056393    0.162714   20.432787 ^ clkbuf_3_2__f_clk/X (sky130_fd_sc_hd__clkbuf_16)
                                                         clknet_3_2__leaf_clk (net)
                      0.056416    0.000878   20.433664 ^ _1098_/CLK (sky130_fd_sc_hd__dfxtp_1)
                                 -0.250000   20.183664   clock uncertainty
                                  0.000000   20.183664   clock reconvergence pessimism
                                 -0.103161   20.080503   library setup time
                                             20.080503   data required time
---------------------------------------------------------------------------------------------
                                             20.080503   data required time
                                             -7.556620   data arrival time
---------------------------------------------------------------------------------------------
                                             12.523884   slack (MET)




===========================================================================
report_checks --slack_max -0.01
============================================================================
======================= nom_tt_025C_1v80 Corner ===================================

No paths found.


===========================================================================
 report_check_types -max_slew -max_cap -max_fanout -violators
============================================================================
======================= nom_tt_025C_1v80 Corner ===================================

max fanout

Pin                                   Limit Fanout  Slack
---------------------------------------------------------
clkbuf_3_3__f_clk/X                      10     12     -2 (VIOLATED)
clkbuf_3_7__f_clk/X                      10     12     -2 (VIOLATED)



===========================================================================
report_parasitic_annotation -report_unannotated
============================================================================
Found 7 unannotated drivers.
 clkload0/Y
 clkload1/Y
 clkload2/Y
 clkload3/X
 clkload4/Y
 clkload5/Y
 clkload6/Y
Found 0 partially unannotated drivers.

===========================================================================
max slew violation count 0
max fanout violation count 2
max cap violation count 0
============================================================================

===========================================================================
check_setup -verbose -unconstrained_endpoints -multiple_clock -no_clock -no_input_delay -loops -generated_clocks
===========================================================================
