
===========================================================================
report_checks -unconstrained
===========================================================================
======================= max_ff_n40C_1v95 Corner ===================================

Startpoint: g_in[3] (input port clocked by clk)
Endpoint: _1098_ (rising edge-triggered flip-flop clocked by clk)
Path Group: clk
Path Type: max

Fanout         Cap        Slew       Delay        Time   Description
---------------------------------------------------------------------------------------------
                                  0.000000    0.000000   clock clk (rise edge)
                                  0.000000    0.000000   clock network delay (propagated)
                                  4.000000    4.000000 ^ input external delay
     1    0.002943    0.014430    0.007657    4.007657 ^ g_in[3] (in)
                                                         g_in[3] (net)
                      0.014432    0.000000    4.007657 ^ input12/A (sky130_fd_sc_hd__clkbuf_1)
     2    0.009256    0.086281    0.085579    4.093235 ^ input12/X (sky130_fd_sc_hd__clkbuf_1)
                                                         net12 (net)
                      0.086284    0.000423    4.093658 ^ fanout67/A (sky130_fd_sc_hd__buf_2)
    10    0.036527    0.136287    0.156104    4.249762 ^ fanout67/X (sky130_fd_sc_hd__buf_2)
                                                         net67 (net)
                      0.136324    0.001880    4.251642 ^ _0847_/A (sky130_fd_sc_hd__nand2_1)
     2    0.006764    0.054082    0.053095    4.304737 v _0847_/Y (sky130_fd_sc_hd__nand2_1)
                                                         _0353_ (net)
                      0.054084    0.000248    4.304985 v _0863_/S (sky130_fd_sc_hd__mux2_1)
     2    0.006769    0.053220    0.204260    4.509244 v _0863_/X (sky130_fd_sc_hd__mux2_1)
                                                         _0368_ (net)
                      0.053220    0.000277    4.509522 v _0864_/B (sky130_fd_sc_hd__xnor2_1)
     3    0.009789    0.178873    0.166379    4.675900 ^ _0864_/Y (sky130_fd_sc_hd__xnor2_1)
                                                         _0369_ (net)
                      0.178874    0.000365    4.676266 ^ _0865_/B1 (sky130_fd_sc_hd__a21oi_1)
     2    0.006841    0.056641    0.046047    4.722313 v _0865_/Y (sky130_fd_sc_hd__a21oi_1)
                                                         _0370_ (net)
                      0.056645    0.000424    4.722737 v _0867_/A (sky130_fd_sc_hd__or2_1)
     3    0.007494    0.047761    0.157493    4.880230 v _0867_/X (sky130_fd_sc_hd__or2_1)
                                                         _0372_ (net)
                      0.047764    0.000470    4.880701 v _0872_/D (sky130_fd_sc_hd__or4_1)
     4    0.014067    0.097964    0.278169    5.158870 v _0872_/X (sky130_fd_sc_hd__or4_1)
                                                         _0377_ (net)
                      0.097969    0.000778    5.159647 v _0918_/B (sky130_fd_sc_hd__or2_1)
     2    0.005098    0.040027    0.152618    5.312266 v _0918_/X (sky130_fd_sc_hd__or2_1)
                                                         _0420_ (net)
                      0.040029    0.000257    5.312523 v _0919_/A3 (sky130_fd_sc_hd__a31oi_1)
     3    0.007937    0.166223    0.166293    5.478816 ^ _0919_/Y (sky130_fd_sc_hd__a31oi_1)
                                                         _0421_ (net)
                      0.166225    0.000441    5.479257 ^ _0939_/B (sky130_fd_sc_hd__or3_1)
     2    0.005162    0.043911    0.095006    5.574263 ^ _0939_/X (sky130_fd_sc_hd__or3_1)
                                                         _0439_ (net)
                      0.043913    0.000320    5.574583 ^ _0942_/C_N (sky130_fd_sc_hd__or3b_2)
     4    0.015423    0.078787    0.287758    5.862340 v _0942_/X (sky130_fd_sc_hd__or3b_2)
                                                         _0442_ (net)
                      0.078816    0.001381    5.863722 v _0948_/A2 (sky130_fd_sc_hd__a21oi_1)
     3    0.009661    0.169075    0.180018    6.043740 ^ _0948_/Y (sky130_fd_sc_hd__a21oi_1)
                                                         _0447_ (net)
                      0.169078    0.000526    6.044266 ^ _0952_/A2 (sky130_fd_sc_hd__o21ai_1)
     2    0.005118    0.048742    0.051857    6.096123 v _0952_/Y (sky130_fd_sc_hd__o21ai_1)
                                                         _0450_ (net)
                      0.048743    0.000232    6.096355 v _0953_/C (sky130_fd_sc_hd__and3_1)
     1    0.002431    0.026216    0.114993    6.211348 v _0953_/X (sky130_fd_sc_hd__and3_1)
                                                         _0046_ (net)
                      0.026216    0.000178    6.211526 v _1098_/D (sky130_fd_sc_hd__dfxtp_1)
                                              6.211526   data arrival time

                                 20.000000   20.000000   clock clk (rise edge)
                                  0.000000   20.000000   clock source latency
     1    0.021393    0.076362    0.052731   20.052732 ^ clk (in)
                                                         clk (net)
                      0.076396    0.000000   20.052732 ^ clkbuf_0_clk/A (sky130_fd_sc_hd__clkbuf_16)
     8    0.097145    0.087119    0.137648   20.190380 ^ clkbuf_0_clk/X (sky130_fd_sc_hd__clkbuf_16)
                                                         clknet_0_clk (net)
                      0.087756    0.005974   20.196354 ^ clkbuf_3_2__f_clk/A (sky130_fd_sc_hd__clkbuf_16)
     9    0.038044    0.044032    0.110898   20.307251 ^ clkbuf_3_2__f_clk/X (sky130_fd_sc_hd__clkbuf_16)
                                                         clknet_3_2__leaf_clk (net)
                      0.044313    0.002066   20.309317 ^ _1098_/CLK (sky130_fd_sc_hd__dfxtp_1)
                                 -0.250000   20.059319   clock uncertainty
                                  0.000000   20.059319   clock reconvergence pessimism
                                 -0.066754   19.992565   library setup time
                                             19.992565   data required time
---------------------------------------------------------------------------------------------
                                             19.992565   data required time
                                             -6.211526   data arrival time
---------------------------------------------------------------------------------------------
                                             13.781039   slack (MET)




===========================================================================
report_checks --slack_max -0.01
============================================================================
======================= max_ff_n40C_1v95 Corner ===================================

No paths found.


===========================================================================
 report_check_types -max_slew -max_cap -max_fanout -violators
============================================================================
======================= max_ff_n40C_1v95 Corner ===================================

max fanout

Pin                                   Limit Fanout  Slack
---------------------------------------------------------
clkbuf_3_3__f_clk/X                      10     12     -2 (VIOLATED)
clkbuf_3_7__f_clk/X                      10     12     -2 (VIOLATED)



===========================================================================
report_parasitic_annotation -report_unannotated
============================================================================
Found 7 unannotated drivers.
 clkload0/Y
 clkload1/Y
 clkload2/Y
 clkload3/X
 clkload4/Y
 clkload5/Y
 clkload6/Y
Found 0 partially unannotated drivers.

===========================================================================
max slew violation count 0
max fanout violation count 2
max cap violation count 0
============================================================================

===========================================================================
check_setup -verbose -unconstrained_endpoints -multiple_clock -no_clock -no_input_delay -loops -generated_clocks
===========================================================================
