
===========================================================================
report_checks -unconstrained
===========================================================================
======================= min_ss_100C_1v60 Corner ===================================

Startpoint: g_in[3] (input port clocked by clk)
Endpoint: _1098_ (rising edge-triggered flip-flop clocked by clk)
Path Group: clk
Path Type: max

Fanout         Cap        Slew       Delay        Time   Description
---------------------------------------------------------------------------------------------
                                  0.000000    0.000000   clock clk (rise edge)
                                  0.000000    0.000000   clock network delay (propagated)
                                  4.000000    4.000000 ^ input external delay
     1    0.002717    0.031705    0.015331    4.015331 ^ g_in[3] (in)
                                                         g_in[3] (net)
                      0.031705    0.000000    4.015331 ^ input12/A (sky130_fd_sc_hd__clkbuf_1)
     2    0.008255    0.169451    0.204374    4.219705 ^ input12/X (sky130_fd_sc_hd__clkbuf_1)
                                                         net12 (net)
                      0.169451    0.000095    4.219800 ^ fanout67/A (sky130_fd_sc_hd__buf_2)
    10    0.033578    0.267144    0.386583    4.606384 ^ fanout67/X (sky130_fd_sc_hd__buf_2)
                                                         net67 (net)
                      0.267144    0.000315    4.606699 ^ _0847_/A (sky130_fd_sc_hd__nand2_1)
     2    0.006064    0.139366    0.213657    4.820356 v _0847_/Y (sky130_fd_sc_hd__nand2_1)
                                                         _0353_ (net)
                      0.139366    0.000024    4.820379 v _0863_/S (sky130_fd_sc_hd__mux2_1)
     2    0.006457    0.150552    0.766503    5.586882 v _0863_/X (sky130_fd_sc_hd__mux2_1)
                                                         _0368_ (net)
                      0.150552    0.000028    5.586911 v _0864_/B (sky130_fd_sc_hd__xnor2_1)
     3    0.008383    0.173255    0.305282    5.892192 v _0864_/Y (sky130_fd_sc_hd__xnor2_1)
                                                         _0369_ (net)
                      0.173255    0.000091    5.892284 v _0866_/C (sky130_fd_sc_hd__and3_1)
     1    0.002136    0.065527    0.400694    6.292978 v _0866_/X (sky130_fd_sc_hd__and3_1)
                                                         _0371_ (net)
                      0.065527    0.000022    6.293000 v _0867_/B (sky130_fd_sc_hd__or2_1)
     3    0.006892    0.132386    0.503527    6.796526 v _0867_/X (sky130_fd_sc_hd__or2_1)
                                                         _0372_ (net)
                      0.132386    0.000097    6.796623 v _0872_/D (sky130_fd_sc_hd__or4_1)
     4    0.012666    0.293514    1.152485    7.949108 v _0872_/X (sky130_fd_sc_hd__or4_1)
                                                         _0377_ (net)
                      0.293514    0.000199    7.949307 v _0918_/B (sky130_fd_sc_hd__or2_1)
     2    0.005046    0.122025    0.578615    8.527923 v _0918_/X (sky130_fd_sc_hd__or2_1)
                                                         _0420_ (net)
                      0.122025    0.000033    8.527955 v _0919_/A3 (sky130_fd_sc_hd__a31oi_1)
     3    0.007199    0.346809    0.387733    8.915688 ^ _0919_/Y (sky130_fd_sc_hd__a31oi_1)
                                                         _0421_ (net)
                      0.346809    0.000083    8.915771 ^ _0939_/B (sky130_fd_sc_hd__or3_1)
     2    0.004806    0.090100    0.301136    9.216907 ^ _0939_/X (sky130_fd_sc_hd__or3_1)
                                                         _0439_ (net)
                      0.090100    0.000046    9.216952 ^ _0942_/C_N (sky130_fd_sc_hd__or3b_2)
     4    0.014130    0.231079    1.155708   10.372662 v _0942_/X (sky130_fd_sc_hd__or3b_2)
                                                         _0442_ (net)
                      0.231079    0.000313   10.372973 v _0948_/A2 (sky130_fd_sc_hd__a21oi_1)
     3    0.008928    0.363603    0.437439   10.810412 ^ _0948_/Y (sky130_fd_sc_hd__a21oi_1)
                                                         _0447_ (net)
                      0.363603    0.000088   10.810500 ^ _0952_/A2 (sky130_fd_sc_hd__o21ai_1)
     2    0.004748    0.124451    0.233717   11.044217 v _0952_/Y (sky130_fd_sc_hd__o21ai_1)
                                                         _0450_ (net)
                      0.124451    0.000026   11.044243 v _0953_/C (sky130_fd_sc_hd__and3_1)
     1    0.002149    0.065343    0.376736   11.420979 v _0953_/X (sky130_fd_sc_hd__and3_1)
                                                         _0046_ (net)
                      0.065343    0.000020   11.421000 v _1098_/D (sky130_fd_sc_hd__dfxtp_1)
                                             11.421000   data arrival time

                                 20.000000   20.000000   clock clk (rise edge)
                                  0.000000   20.000000   clock source latency
     1    0.019565    0.146882    0.100103   20.100103 ^ clk (in)
                                                         clk (net)
                      0.146887    0.000000   20.100103 ^ clkbuf_0_clk/A (sky130_fd_sc_hd__clkbuf_16)
     8    0.091052    0.163783    0.340805   20.440908 ^ clkbuf_0_clk/X (sky130_fd_sc_hd__clkbuf_16)
                                                         clknet_0_clk (net)
                      0.163799    0.001725   20.442633 ^ clkbuf_3_2__f_clk/A (sky130_fd_sc_hd__clkbuf_16)
     9    0.033496    0.085209    0.283784   20.726418 ^ clkbuf_3_2__f_clk/X (sky130_fd_sc_hd__clkbuf_16)
                                                         clknet_3_2__leaf_clk (net)
                      0.085209    0.000378   20.726795 ^ _1098_/CLK (sky130_fd_sc_hd__dfxtp_1)
                                 -0.250000   20.476795   clock uncertainty
                                  0.000000   20.476795   clock reconvergence pessimism
                                 -0.262948   20.213848   library setup time
                                             20.213848   data required time
---------------------------------------------------------------------------------------------
                                             20.213848   data required time
                                            -11.421000   data arrival time
---------------------------------------------------------------------------------------------
                                              8.792850   slack (MET)




===========================================================================
report_checks --slack_max -0.01
============================================================================
======================= min_ss_100C_1v60 Corner ===================================

No paths found.


===========================================================================
 report_check_types -max_slew -max_cap -max_fanout -violators
============================================================================
======================= min_ss_100C_1v60 Corner ===================================

max fanout

Pin                                   Limit Fanout  Slack
---------------------------------------------------------
clkbuf_3_3__f_clk/X                      10     12     -2 (VIOLATED)
clkbuf_3_7__f_clk/X                      10     12     -2 (VIOLATED)



===========================================================================
report_parasitic_annotation -report_unannotated
============================================================================
Found 7 unannotated drivers.
 clkload0/Y
 clkload1/Y
 clkload2/Y
 clkload3/X
 clkload4/Y
 clkload5/Y
 clkload6/Y
Found 0 partially unannotated drivers.

===========================================================================
max slew violation count 0
max fanout violation count 2
max cap violation count 0
============================================================================

===========================================================================
check_setup -verbose -unconstrained_endpoints -multiple_clock -no_clock -no_input_delay -loops -generated_clocks
===========================================================================
