
===========================================================================
report_checks -unconstrained
===========================================================================
======================= max_ss_100C_1v60 Corner ===================================

Startpoint: g_in[3] (input port clocked by clk)
Endpoint: _1098_ (rising edge-triggered flip-flop clocked by clk)
Path Group: clk
Path Type: max

Fanout         Cap        Slew       Delay        Time   Description
---------------------------------------------------------------------------------------------
                                  0.000000    0.000000   clock clk (rise edge)
                                  0.000000    0.000000   clock network delay (propagated)
                                  4.000000    4.000000 ^ input external delay
     1    0.002812    0.032329    0.015901    4.015901 ^ g_in[3] (in)
                                                         g_in[3] (net)
                      0.032329    0.000000    4.015901 ^ input12/A (sky130_fd_sc_hd__clkbuf_1)
     2    0.009111    0.184958    0.215557    4.231458 ^ input12/X (sky130_fd_sc_hd__clkbuf_1)
                                                         net12 (net)
                      0.185016    0.000410    4.231868 ^ fanout67/A (sky130_fd_sc_hd__buf_2)
    10    0.035662    0.282979    0.403789    4.635657 ^ fanout67/X (sky130_fd_sc_hd__buf_2)
                                                         net67 (net)
                      0.282986    0.001842    4.637498 ^ _0847_/A (sky130_fd_sc_hd__nand2_1)
     2    0.006379    0.141657    0.222820    4.860319 v _0847_/Y (sky130_fd_sc_hd__nand2_1)
                                                         _0353_ (net)
                      0.141657    0.000232    4.860551 v _0863_/S (sky130_fd_sc_hd__mux2_1)
     2    0.006602    0.146420    0.768999    5.629550 v _0863_/X (sky130_fd_sc_hd__mux2_1)
                                                         _0368_ (net)
                      0.146420    0.000272    5.629822 v _0864_/B (sky130_fd_sc_hd__xnor2_1)
     3    0.008911    0.182082    0.309301    5.939122 v _0864_/Y (sky130_fd_sc_hd__xnor2_1)
                                                         _0369_ (net)
                      0.182082    0.000378    5.939500 v _0866_/C (sky130_fd_sc_hd__and3_1)
     1    0.002296    0.066585    0.406923    6.346423 v _0866_/X (sky130_fd_sc_hd__and3_1)
                                                         _0371_ (net)
                      0.066843    0.000133    6.346555 v _0867_/B (sky130_fd_sc_hd__or2_1)
     3    0.007290    0.135855    0.507794    6.854349 v _0867_/X (sky130_fd_sc_hd__or2_1)
                                                         _0372_ (net)
                      0.135855    0.000455    6.854805 v _0872_/D (sky130_fd_sc_hd__or4_1)
     4    0.013847    0.301008    1.170248    8.025053 v _0872_/X (sky130_fd_sc_hd__or4_1)
                                                         _0377_ (net)
                      0.301008    0.000763    8.025816 v _0918_/B (sky130_fd_sc_hd__or2_1)
     2    0.005158    0.119310    0.582980    8.608796 v _0918_/X (sky130_fd_sc_hd__or2_1)
                                                         _0420_ (net)
                      0.119310    0.000260    8.609056 v _0919_/A3 (sky130_fd_sc_hd__a31oi_1)
     3    0.007554    0.346932    0.394993    9.004049 ^ _0919_/Y (sky130_fd_sc_hd__a31oi_1)
                                                         _0421_ (net)
                      0.346932    0.000417    9.004466 ^ _0939_/B (sky130_fd_sc_hd__or3_1)
     2    0.004987    0.092491    0.302881    9.307347 ^ _0939_/X (sky130_fd_sc_hd__or3_1)
                                                         _0439_ (net)
                      0.092491    0.000306    9.307652 ^ _0942_/C_N (sky130_fd_sc_hd__or3b_2)
     4    0.015366    0.240565    1.168497   10.476150 v _0942_/X (sky130_fd_sc_hd__or3b_2)
                                                         _0442_ (net)
                      0.240569    0.001383   10.477533 v _0948_/A2 (sky130_fd_sc_hd__a21oi_1)
     3    0.009450    0.368502    0.452937   10.930470 ^ _0948_/Y (sky130_fd_sc_hd__a21oi_1)
                                                         _0447_ (net)
                      0.368502    0.000519   10.930989 ^ _0952_/A2 (sky130_fd_sc_hd__o21ai_1)
     2    0.005008    0.124355    0.238536   11.169525 v _0952_/Y (sky130_fd_sc_hd__o21ai_1)
                                                         _0450_ (net)
                      0.124355    0.000221   11.169746 v _0953_/C (sky130_fd_sc_hd__and3_1)
     1    0.002268    0.066304    0.378042   11.547788 v _0953_/X (sky130_fd_sc_hd__and3_1)
                                                         _0046_ (net)
                      0.066304    0.000165   11.547954 v _1098_/D (sky130_fd_sc_hd__dfxtp_1)
                                             11.547954   data arrival time

                                 20.000000   20.000000   clock clk (rise edge)
                                  0.000000   20.000000   clock source latency
     1    0.021324    0.159216    0.109196   20.109196 ^ clk (in)
                                                         clk (net)
                      0.159231    0.000000   20.109196 ^ clkbuf_0_clk/A (sky130_fd_sc_hd__clkbuf_16)
     8    0.096593    0.172039    0.349656   20.458853 ^ clkbuf_0_clk/X (sky130_fd_sc_hd__clkbuf_16)
                                                         clknet_0_clk (net)
                      0.172448    0.005969   20.464821 ^ clkbuf_3_2__f_clk/A (sky130_fd_sc_hd__clkbuf_16)
     9    0.036158    0.089119    0.290715   20.755537 ^ clkbuf_3_2__f_clk/X (sky130_fd_sc_hd__clkbuf_16)
                                                         clknet_3_2__leaf_clk (net)
                      0.089171    0.001958   20.757494 ^ _1098_/CLK (sky130_fd_sc_hd__dfxtp_1)
                                 -0.250000   20.507496   clock uncertainty
                                  0.000000   20.507496   clock reconvergence pessimism
                                 -0.262280   20.245216   library setup time
                                             20.245216   data required time
---------------------------------------------------------------------------------------------
                                             20.245216   data required time
                                            -11.547954   data arrival time
---------------------------------------------------------------------------------------------
                                              8.697263   slack (MET)




===========================================================================
report_checks --slack_max -0.01
============================================================================
======================= max_ss_100C_1v60 Corner ===================================

No paths found.


===========================================================================
 report_check_types -max_slew -max_cap -max_fanout -violators
============================================================================
======================= max_ss_100C_1v60 Corner ===================================

max fanout

Pin                                   Limit Fanout  Slack
---------------------------------------------------------
clkbuf_3_3__f_clk/X                      10     12     -2 (VIOLATED)
clkbuf_3_7__f_clk/X                      10     12     -2 (VIOLATED)



===========================================================================
report_parasitic_annotation -report_unannotated
============================================================================
Found 7 unannotated drivers.
 clkload0/Y
 clkload1/Y
 clkload2/Y
 clkload3/X
 clkload4/Y
 clkload5/Y
 clkload6/Y
Found 0 partially unannotated drivers.

===========================================================================
max slew violation count 0
max fanout violation count 2
max cap violation count 0
============================================================================

===========================================================================
check_setup -verbose -unconstrained_endpoints -multiple_clock -no_clock -no_input_delay -loops -generated_clocks
===========================================================================
