
===========================================================================
report_checks -unconstrained
===========================================================================
======================= max_tt_025C_1v80 Corner ===================================

Startpoint: g_in[3] (input port clocked by clk)
Endpoint: _1098_ (rising edge-triggered flip-flop clocked by clk)
Path Group: clk
Path Type: max

Fanout         Cap        Slew       Delay        Time   Description
---------------------------------------------------------------------------------------------
                                  0.000000    0.000000   clock clk (rise edge)
                                  0.000000    0.000000   clock network delay (propagated)
                                  4.000000    4.000000 ^ input external delay
     1    0.002878    0.020067    0.010636    4.010636 ^ g_in[3] (in)
                                                         g_in[3] (net)
                      0.020067    0.000000    4.010636 ^ input12/A (sky130_fd_sc_hd__clkbuf_1)
     2    0.009173    0.115328    0.122391    4.133028 ^ input12/X (sky130_fd_sc_hd__clkbuf_1)
                                                         net12 (net)
                      0.115330    0.000416    4.133443 ^ fanout67/A (sky130_fd_sc_hd__buf_2)
    10    0.036153    0.179475    0.229277    4.362720 ^ fanout67/X (sky130_fd_sc_hd__buf_2)
                                                         net67 (net)
                      0.179503    0.001862    4.364581 ^ _0847_/A (sky130_fd_sc_hd__nand2_1)
     2    0.006535    0.075837    0.100210    4.464791 v _0847_/Y (sky130_fd_sc_hd__nand2_1)
                                                         _0353_ (net)
                      0.075837    0.000238    4.465029 v _0863_/S (sky130_fd_sc_hd__mux2_1)
     2    0.006724    0.074559    0.342488    4.807517 v _0863_/X (sky130_fd_sc_hd__mux2_1)
                                                         _0368_ (net)
                      0.074559    0.000277    4.807794 v _0864_/B (sky130_fd_sc_hd__xnor2_1)
     3    0.009635    0.248899    0.240996    5.048790 ^ _0864_/Y (sky130_fd_sc_hd__xnor2_1)
                                                         _0369_ (net)
                      0.248899    0.000360    5.049150 ^ _0865_/B1 (sky130_fd_sc_hd__a21oi_1)
     2    0.006770    0.082470    0.097825    5.146975 v _0865_/Y (sky130_fd_sc_hd__a21oi_1)
                                                         _0370_ (net)
                      0.082470    0.000418    5.147393 v _0867_/A (sky130_fd_sc_hd__or2_1)
     3    0.007357    0.069320    0.261281    5.408674 v _0867_/X (sky130_fd_sc_hd__or2_1)
                                                         _0372_ (net)
                      0.069322    0.000460    5.409134 v _0872_/D (sky130_fd_sc_hd__or4_1)
     4    0.013880    0.146463    0.488524    5.897658 v _0872_/X (sky130_fd_sc_hd__or4_1)
                                                         _0377_ (net)
                      0.146465    0.000766    5.898423 v _0918_/B (sky130_fd_sc_hd__or2_1)
     2    0.005104    0.058542    0.255915    6.154338 v _0918_/X (sky130_fd_sc_hd__or2_1)
                                                         _0420_ (net)
                      0.058542    0.000258    6.154596 v _0919_/A3 (sky130_fd_sc_hd__a31oi_1)
     3    0.007745    0.221356    0.234884    6.389479 ^ _0919_/Y (sky130_fd_sc_hd__a31oi_1)
                                                         _0421_ (net)
                      0.221356    0.000429    6.389908 ^ _0939_/B (sky130_fd_sc_hd__or3_1)
     2    0.005081    0.058404    0.157236    6.547144 ^ _0939_/X (sky130_fd_sc_hd__or3_1)
                                                         _0439_ (net)
                      0.058404    0.000313    6.547457 ^ _0942_/C_N (sky130_fd_sc_hd__or3b_2)
     4    0.015330    0.116478    0.501714    7.049171 v _0942_/X (sky130_fd_sc_hd__or3b_2)
                                                         _0442_ (net)
                      0.116545    0.001377    7.050548 v _0948_/A2 (sky130_fd_sc_hd__a21oi_1)
     3    0.009558    0.229842    0.259520    7.310068 ^ _0948_/Y (sky130_fd_sc_hd__a21oi_1)
                                                         _0447_ (net)
                      0.229843    0.000523    7.310590 ^ _0952_/A2 (sky130_fd_sc_hd__o21ai_1)
     2    0.005028    0.065866    0.104064    7.414654 v _0952_/Y (sky130_fd_sc_hd__o21ai_1)
                                                         _0450_ (net)
                      0.065866    0.000224    7.414878 v _0953_/C (sky130_fd_sc_hd__and3_1)
     1    0.002329    0.034498    0.179372    7.594250 v _0953_/X (sky130_fd_sc_hd__and3_1)
                                                         _0046_ (net)
                      0.034498    0.000170    7.594419 v _1098_/D (sky130_fd_sc_hd__dfxtp_1)
                                              7.594419   data arrival time

                                 20.000000   20.000000   clock clk (rise edge)
                                  0.000000   20.000000   clock source latency
     1    0.021324    0.101653    0.070374   20.070374 ^ clk (in)
                                                         clk (net)
                      0.101677    0.000000   20.070374 ^ clkbuf_0_clk/A (sky130_fd_sc_hd__clkbuf_16)
     8    0.096593    0.113291    0.201180   20.271553 ^ clkbuf_0_clk/X (sky130_fd_sc_hd__clkbuf_16)
                                                         clknet_0_clk (net)
                      0.113767    0.005951   20.277504 ^ clkbuf_3_2__f_clk/A (sky130_fd_sc_hd__clkbuf_16)
     9    0.037488    0.057576    0.164587   20.442091 ^ clkbuf_3_2__f_clk/X (sky130_fd_sc_hd__clkbuf_16)
                                                         clknet_3_2__leaf_clk (net)
                      0.057680    0.002036   20.444126 ^ _1098_/CLK (sky130_fd_sc_hd__dfxtp_1)
                                 -0.250000   20.194128   clock uncertainty
                                  0.000000   20.194128   clock reconvergence pessimism
                                 -0.102961   20.091167   library setup time
                                             20.091167   data required time
---------------------------------------------------------------------------------------------
                                             20.091167   data required time
                                             -7.594419   data arrival time
---------------------------------------------------------------------------------------------
                                             12.496747   slack (MET)




===========================================================================
report_checks --slack_max -0.01
============================================================================
======================= max_tt_025C_1v80 Corner ===================================

No paths found.


===========================================================================
 report_check_types -max_slew -max_cap -max_fanout -violators
============================================================================
======================= max_tt_025C_1v80 Corner ===================================

max fanout

Pin                                   Limit Fanout  Slack
---------------------------------------------------------
clkbuf_3_3__f_clk/X                      10     12     -2 (VIOLATED)
clkbuf_3_7__f_clk/X                      10     12     -2 (VIOLATED)



===========================================================================
report_parasitic_annotation -report_unannotated
============================================================================
Found 7 unannotated drivers.
 clkload0/Y
 clkload1/Y
 clkload2/Y
 clkload3/X
 clkload4/Y
 clkload5/Y
 clkload6/Y
Found 0 partially unannotated drivers.

===========================================================================
max slew violation count 0
max fanout violation count 2
max cap violation count 0
============================================================================

===========================================================================
check_setup -verbose -unconstrained_endpoints -multiple_clock -no_clock -no_input_delay -loops -generated_clocks
===========================================================================
