#! /c/Source/iverilog-install/bin/vvp
:ivl_version "12.0 (devel)" "(s20150603-1110-g18392a46)";
:ivl_delay_selection "TYPICAL";
:vpi_time_precision - 12;
:vpi_module "C:\iverilog\lib\ivl\system.vpi";
:vpi_module "C:\iverilog\lib\ivl\vhdl_sys.vpi";
:vpi_module "C:\iverilog\lib\ivl\vhdl_textio.vpi";
:vpi_module "C:\iverilog\lib\ivl\v2005_math.vpi";
:vpi_module "C:\iverilog\lib\ivl\va_math.vpi";
:vpi_module "C:\iverilog\lib\ivl\v2009.vpi";
S_00000121588e8de0 .scope package, "$unit" "$unit" 2 1;
 .timescale 0 0;
S_00000121588e4f20 .scope module, "crossbar_tb" "crossbar_tb" 3 3;
 .timescale -9 -12;
P_00000121588c5180 .param/l "IN_W" 1 3 5, +C4<00000000000000000000000000001000>;
P_00000121588c51b8 .param/l "N" 1 3 4, +C4<00000000000000000000000000000100>;
P_00000121588c51f0 .param/l "OUT_W" 1 3 6, +C4<00000000000000000000000000010000>;
v0000012158941b30_0 .array/port v0000012158941b30, 0;
L_00000121588cf2b0 .functor BUFZ 8, v0000012158941b30_0, C4<00000000>, C4<00000000>, C4<00000000>;
v0000012158941b30_1 .array/port v0000012158941b30, 1;
L_00000121588cfcc0 .functor BUFZ 8, v0000012158941b30_1, C4<00000000>, C4<00000000>, C4<00000000>;
v0000012158941b30_2 .array/port v0000012158941b30, 2;
L_00000121588cf710 .functor BUFZ 8, v0000012158941b30_2, C4<00000000>, C4<00000000>, C4<00000000>;
v0000012158941b30_3 .array/port v0000012158941b30, 3;
L_00000121588cf860 .functor BUFZ 8, v0000012158941b30_3, C4<00000000>, C4<00000000>, C4<00000000>;
v0000012158941f90_0 .array/port v0000012158941f90, 0;
L_00000121588cf390 .functor BUFZ 16, v0000012158941f90_0, C4<0000000000000000>, C4<0000000000000000>, C4<0000000000000000>;
v0000012158941f90_1 .array/port v0000012158941f90, 1;
L_00000121588cfa90 .functor BUFZ 16, v0000012158941f90_1, C4<0000000000000000>, C4<0000000000000000>, C4<0000000000000000>;
v0000012158941f90_2 .array/port v0000012158941f90, 2;
L_00000121588cfef0 .functor BUFZ 16, v0000012158941f90_2, C4<0000000000000000>, C4<0000000000000000>, C4<0000000000000000>;
v0000012158941f90_3 .array/port v0000012158941f90, 3;
L_00000121588cfb00 .functor BUFZ 16, v0000012158941f90_3, C4<0000000000000000>, C4<0000000000000000>, C4<0000000000000000>;
v0000012158941e50_0 .var "cfg_col", 1 0;
v0000012158941a90_0 .var "cfg_row", 1 0;
v0000012158941d10_0 .var "cfg_we", 0 0;
v0000012158941090_0 .var "cfg_weight_pos", 0 0;
v0000012158941ef0_0 .var "clk", 0 0;
v0000012158941130 .array/s "expected", 0 3, 15 0;
v0000012158941270_0 .var/i "i", 31 0;
v0000012158941b30 .array/s "in", 0 3, 7 0;
v0000012158941590_0 .var/i "j", 31 0;
v0000012158941bd0 .array/s "observed", 0 3, 15 0;
v0000012158941310 .array/s "out", 0 3, 15 0;
v0000012158941630_0 .var "rst_n", 0 0;
v00000121589413b0 .array "weight_mat", 15 0, 0 0;
E_00000121588c2c60 .event posedge, v00000121588e5150_0;
E_00000121588c29e0 .event negedge, v00000121588e5150_0;
S_0000012158892ce0 .scope module, "dut" "crossbar_mac" 3 26, 4 1 0, S_00000121588e4f20;
 .timescale 0 0;
    .port_info 0 /INPUT 1 "clk";
    .port_info 1 /INPUT 1 "rst_n";
    .port_info 2 /INPUT 32 "in";
    .port_info 3 /INPUT 1 "cfg_we";
    .port_info 4 /INPUT 2 "cfg_row";
    .port_info 5 /INPUT 2 "cfg_col";
    .port_info 6 /INPUT 1 "cfg_weight_pos";
    .port_info 7 /OUTPUT 64 "out";
P_00000121588cc7d0 .param/l "IN_W" 0 4 3, +C4<00000000000000000000000000001000>;
P_00000121588cc808 .param/l "N" 0 4 2, +C4<00000000000000000000000000000100>;
P_00000121588cc840 .param/l "OUT_W" 0 4 4, +C4<00000000000000000000000000010000>;
v00000121588bd3a0_0 .net "cfg_col", 1 0, v0000012158941e50_0;  1 drivers
v00000121588e7720_0 .net "cfg_row", 1 0, v0000012158941a90_0;  1 drivers
v00000121588e77c0_0 .net "cfg_we", 0 0, v0000012158941d10_0;  1 drivers
v00000121588e50b0_0 .net "cfg_weight_pos", 0 0, v0000012158941090_0;  1 drivers
v00000121588e5150_0 .net "clk", 0 0, v0000012158941ef0_0;  1 drivers
v0000012158892e70 .array/s "dot_sum", 0 3, 15 0;
v0000012158892f10_0 .var/i "i", 31 0;
v0000012158892fb0 .array "in", 0 3;
v0000012158892fb0_0 .net/s v0000012158892fb0 0, 7 0, L_00000121588cf2b0; 1 drivers
v0000012158892fb0_1 .net/s v0000012158892fb0 1, 7 0, L_00000121588cfcc0; 1 drivers
v0000012158892fb0_2 .net/s v0000012158892fb0 2, 7 0, L_00000121588cf710; 1 drivers
v0000012158892fb0_3 .net/s v0000012158892fb0 3, 7 0, L_00000121588cf860; 1 drivers
v0000012158941950_0 .var/i "j", 31 0;
v0000012158941f90 .array/s "out", 0 3, 15 0;
v0000012158941c70_0 .net "rst_n", 0 0, v0000012158941630_0;  1 drivers
v0000012158941450 .array "weight_pos", 15 0, 0 0;
v0000012158941450_0 .array/port v0000012158941450, 0;
v0000012158941450_1 .array/port v0000012158941450, 1;
v0000012158941450_2 .array/port v0000012158941450, 2;
v0000012158941450_3 .array/port v0000012158941450, 3;
E_00000121588c2fe0/0 .event anyedge, v0000012158941450_0, v0000012158941450_1, v0000012158941450_2, v0000012158941450_3;
v0000012158941450_4 .array/port v0000012158941450, 4;
v0000012158941450_5 .array/port v0000012158941450, 5;
v0000012158941450_6 .array/port v0000012158941450, 6;
v0000012158941450_7 .array/port v0000012158941450, 7;
E_00000121588c2fe0/1 .event anyedge, v0000012158941450_4, v0000012158941450_5, v0000012158941450_6, v0000012158941450_7;
v0000012158941450_8 .array/port v0000012158941450, 8;
v0000012158941450_9 .array/port v0000012158941450, 9;
v0000012158941450_10 .array/port v0000012158941450, 10;
v0000012158941450_11 .array/port v0000012158941450, 11;
E_00000121588c2fe0/2 .event anyedge, v0000012158941450_8, v0000012158941450_9, v0000012158941450_10, v0000012158941450_11;
v0000012158941450_12 .array/port v0000012158941450, 12;
v0000012158941450_13 .array/port v0000012158941450, 13;
v0000012158941450_14 .array/port v0000012158941450, 14;
v0000012158941450_15 .array/port v0000012158941450, 15;
E_00000121588c2fe0/3 .event anyedge, v0000012158941450_12, v0000012158941450_13, v0000012158941450_14, v0000012158941450_15;
E_00000121588c2fe0/4 .event anyedge, v0000012158892fb0_0, v0000012158892fb0_1, v0000012158892fb0_2, v0000012158892fb0_3;
E_00000121588c2fe0 .event/or E_00000121588c2fe0/0, E_00000121588c2fe0/1, E_00000121588c2fe0/2, E_00000121588c2fe0/3, E_00000121588c2fe0/4;
E_00000121588c2ae0/0 .event negedge, v0000012158941c70_0;
E_00000121588c2ae0/1 .event posedge, v00000121588e5150_0;
E_00000121588c2ae0 .event/or E_00000121588c2ae0/0, E_00000121588c2ae0/1;
S_0000012158893050 .scope autotask, "program_weight" "program_weight" 3 39, 3 39 0, S_00000121588e4f20;
 .timescale -9 -12;
v00000121589419f0_0 .var/2s "col", 31 0;
v00000121589414f0_0 .var/2s "row", 31 0;
v00000121589411d0_0 .var/2u "w_pos", 0 0;
TD_crossbar_tb.program_weight ;
    %wait E_00000121588c29e0;
    %load/vec4 v00000121589414f0_0;
    %parti/s 2, 0, 2;
    %store/vec4 v0000012158941a90_0, 0, 2;
    %load/vec4 v00000121589419f0_0;
    %parti/s 2, 0, 2;
    %store/vec4 v0000012158941e50_0, 0, 2;
    %load/vec4 v00000121589411d0_0;
    %store/vec4 v0000012158941090_0, 0, 1;
    %pushi/vec4 1, 0, 1;
    %store/vec4 v0000012158941d10_0, 0, 1;
    %wait E_00000121588c29e0;
    %pushi/vec4 0, 0, 1;
    %store/vec4 v0000012158941d10_0, 0, 1;
    %end;
    .scope S_0000012158892ce0;
T_1 ;
    %wait E_00000121588c2ae0;
    %load/vec4 v0000012158941c70_0;
    %nor/r;
    %flag_set/vec4 8;
    %jmp/0xz  T_1.0, 8;
    %pushi/vec4 0, 0, 32;
    %store/vec4 v0000012158892f10_0, 0, 32;
T_1.2 ;
    %load/vec4 v0000012158892f10_0;
    %cmpi/s 4, 0, 32;
    %jmp/0xz T_1.3, 5;
    %pushi/vec4 0, 0, 16;
    %ix/getv/s 3, v0000012158892f10_0;
    %ix/load 4, 0, 0; Constant delay
    %assign/vec4/a/d v0000012158941f90, 0, 4;
    %pushi/vec4 0, 0, 32;
    %store/vec4 v0000012158941950_0, 0, 32;
T_1.4 ;
    %load/vec4 v0000012158941950_0;
    %cmpi/s 4, 0, 32;
    %jmp/0xz T_1.5, 5;
    %pushi/vec4 1, 0, 1;
    %load/vec4 v0000012158892f10_0;
    %pad/s 35;
    %pad/s 37;
    %muli 4, 0, 37;
    %pad/s 38;
    %load/vec4 v0000012158941950_0;
    %pad/s 38;
    %add;
    %ix/vec4/s 3;
    %ix/load 4, 0, 0; Constant delay
    %assign/vec4/a/d v0000012158941450, 0, 4;
    ; show_stmt_assign_vector: Get l-value for compressed += operand
    %load/vec4 v0000012158941950_0;
    %pushi/vec4 1, 0, 32;
    %add;
    %store/vec4 v0000012158941950_0, 0, 32;
    %jmp T_1.4;
T_1.5 ;
    ; show_stmt_assign_vector: Get l-value for compressed += operand
    %load/vec4 v0000012158892f10_0;
    %pushi/vec4 1, 0, 32;
    %add;
    %store/vec4 v0000012158892f10_0, 0, 32;
    %jmp T_1.2;
T_1.3 ;
    %jmp T_1.1;
T_1.0 ;
    %load/vec4 v00000121588e77c0_0;
    %flag_set/vec4 8;
    %jmp/0xz  T_1.6, 8;
    %load/vec4 v00000121588e50b0_0;
    %load/vec4 v00000121588e7720_0;
    %pad/u 7;
    %pad/u 9;
    %muli 4, 0, 9;
    %pad/u 10;
    %load/vec4 v00000121588bd3a0_0;
    %pad/u 4;
    %pad/u 10;
    %add;
    %ix/vec4 3;
    %ix/load 4, 0, 0; Constant delay
    %assign/vec4/a/d v0000012158941450, 0, 4;
T_1.6 ;
    %pushi/vec4 0, 0, 32;
    %store/vec4 v0000012158941950_0, 0, 32;
T_1.8 ;
    %load/vec4 v0000012158941950_0;
    %cmpi/s 4, 0, 32;
    %jmp/0xz T_1.9, 5;
    %ix/getv/s 4, v0000012158941950_0;
    %load/vec4a v0000012158892e70, 4;
    %ix/getv/s 3, v0000012158941950_0;
    %ix/load 4, 0, 0; Constant delay
    %assign/vec4/a/d v0000012158941f90, 0, 4;
    ; show_stmt_assign_vector: Get l-value for compressed += operand
    %load/vec4 v0000012158941950_0;
    %pushi/vec4 1, 0, 32;
    %add;
    %store/vec4 v0000012158941950_0, 0, 32;
    %jmp T_1.8;
T_1.9 ;
T_1.1 ;
    %jmp T_1;
    .thread T_1;
    .scope S_0000012158892ce0;
T_2 ;
Ewait_0 .event/or E_00000121588c2fe0, E_0x0;
    %wait Ewait_0;
    %pushi/vec4 0, 0, 32;
    %store/vec4 v0000012158941950_0, 0, 32;
T_2.0 ;
    %load/vec4 v0000012158941950_0;
    %cmpi/s 4, 0, 32;
    %jmp/0xz T_2.1, 5;
    %pushi/vec4 0, 0, 16;
    %ix/getv/s 4, v0000012158941950_0;
    %store/vec4a v0000012158892e70, 4, 0;
    %pushi/vec4 0, 0, 32;
    %store/vec4 v0000012158892f10_0, 0, 32;
T_2.2 ;
    %load/vec4 v0000012158892f10_0;
    %cmpi/s 4, 0, 32;
    %jmp/0xz T_2.3, 5;
    %load/vec4 v0000012158892f10_0;
    %pad/s 35;
    %pad/s 37;
    %muli 4, 0, 37;
    %pad/s 38;
    %load/vec4 v0000012158941950_0;
    %pad/s 38;
    %add;
    %ix/vec4/s 4;
    %load/vec4a v0000012158941450, 4;
    %flag_set/vec4 8;
    %jmp/0xz  T_2.4, 8;
    ; show_stmt_assign_vector: Get l-value for compressed += operand
    %ix/getv/s 4, v0000012158941950_0;
    %flag_mov 8, 4;
    %load/vec4a v0000012158892e70, 4;
    %ix/getv/s 5, v0000012158892f10_0;
    %load/vec4a v0000012158892fb0, 5;
    %pad/u 16;
    %add;
    %flag_mov 4, 8;
    %store/vec4a v0000012158892e70, 4, 0;
    %jmp T_2.5;
T_2.4 ;
    ; show_stmt_assign_vector: Get l-value for compressed -= operand
    %ix/getv/s 4, v0000012158941950_0;
    %flag_mov 8, 4;
    %load/vec4a v0000012158892e70, 4;
    %ix/getv/s 5, v0000012158892f10_0;
    %load/vec4a v0000012158892fb0, 5;
    %pad/u 16;
    %sub;
    %flag_mov 4, 8;
    %store/vec4a v0000012158892e70, 4, 0;
T_2.5 ;
    ; show_stmt_assign_vector: Get l-value for compressed += operand
    %load/vec4 v0000012158892f10_0;
    %pushi/vec4 1, 0, 32;
    %add;
    %store/vec4 v0000012158892f10_0, 0, 32;
    %jmp T_2.2;
T_2.3 ;
    ; show_stmt_assign_vector: Get l-value for compressed += operand
    %load/vec4 v0000012158941950_0;
    %pushi/vec4 1, 0, 32;
    %add;
    %store/vec4 v0000012158941950_0, 0, 32;
    %jmp T_2.0;
T_2.1 ;
    %jmp T_2;
    .thread T_2, $push;
    .scope S_00000121588e4f20;
T_3 ;
    %delay 5000, 0;
    %load/vec4 v0000012158941ef0_0;
    %inv;
    %store/vec4 v0000012158941ef0_0, 0, 1;
    %jmp T_3;
    .thread T_3;
    .scope S_00000121588e4f20;
T_4 ;
    %pushi/vec4 0, 0, 1;
    %store/vec4 v0000012158941ef0_0, 0, 1;
    %pushi/vec4 1, 0, 1;
    %store/vec4 v0000012158941630_0, 0, 1;
    %pushi/vec4 0, 0, 1;
    %store/vec4 v0000012158941d10_0, 0, 1;
    %pushi/vec4 0, 0, 2;
    %store/vec4 v0000012158941a90_0, 0, 2;
    %pushi/vec4 0, 0, 2;
    %store/vec4 v0000012158941e50_0, 0, 2;
    %pushi/vec4 1, 0, 1;
    %store/vec4 v0000012158941090_0, 0, 1;
    %pushi/vec4 0, 0, 32;
    %store/vec4 v0000012158941270_0, 0, 32;
T_4.0 ;
    %load/vec4 v0000012158941270_0;
    %cmpi/s 4, 0, 32;
    %jmp/0xz T_4.1, 5;
    %pushi/vec4 0, 0, 8;
    %ix/getv/s 4, v0000012158941270_0;
    %store/vec4a v0000012158941b30, 4, 0;
    ; show_stmt_assign_vector: Get l-value for compressed += operand
    %load/vec4 v0000012158941270_0;
    %pushi/vec4 1, 0, 32;
    %add;
    %store/vec4 v0000012158941270_0, 0, 32;
    %jmp T_4.0;
T_4.1 ;
    %pushi/vec4 1, 0, 1;
    %ix/load 4, 0, 0;
    %flag_set/imm 4, 0;
    %store/vec4a v00000121589413b0, 4, 0;
    %pushi/vec4 0, 0, 1;
    %ix/load 4, 1, 0;
    %flag_set/imm 4, 0;
    %store/vec4a v00000121589413b0, 4, 0;
    %pushi/vec4 1, 0, 1;
    %ix/load 4, 2, 0;
    %flag_set/imm 4, 0;
    %store/vec4a v00000121589413b0, 4, 0;
    %pushi/vec4 0, 0, 1;
    %ix/load 4, 3, 0;
    %flag_set/imm 4, 0;
    %store/vec4a v00000121589413b0, 4, 0;
    %pushi/vec4 1, 0, 1;
    %ix/load 4, 4, 0;
    %flag_set/imm 4, 0;
    %store/vec4a v00000121589413b0, 4, 0;
    %pushi/vec4 1, 0, 1;
    %ix/load 4, 5, 0;
    %flag_set/imm 4, 0;
    %store/vec4a v00000121589413b0, 4, 0;
    %pushi/vec4 0, 0, 1;
    %ix/load 4, 6, 0;
    %flag_set/imm 4, 0;
    %store/vec4a v00000121589413b0, 4, 0;
    %pushi/vec4 0, 0, 1;
    %ix/load 4, 7, 0;
    %flag_set/imm 4, 0;
    %store/vec4a v00000121589413b0, 4, 0;
    %pushi/vec4 0, 0, 1;
    %ix/load 4, 8, 0;
    %flag_set/imm 4, 0;
    %store/vec4a v00000121589413b0, 4, 0;
    %pushi/vec4 1, 0, 1;
    %ix/load 4, 9, 0;
    %flag_set/imm 4, 0;
    %store/vec4a v00000121589413b0, 4, 0;
    %pushi/vec4 1, 0, 1;
    %ix/load 4, 10, 0;
    %flag_set/imm 4, 0;
    %store/vec4a v00000121589413b0, 4, 0;
    %pushi/vec4 0, 0, 1;
    %ix/load 4, 11, 0;
    %flag_set/imm 4, 0;
    %store/vec4a v00000121589413b0, 4, 0;
    %pushi/vec4 0, 0, 1;
    %ix/load 4, 12, 0;
    %flag_set/imm 4, 0;
    %store/vec4a v00000121589413b0, 4, 0;
    %pushi/vec4 0, 0, 1;
    %ix/load 4, 13, 0;
    %flag_set/imm 4, 0;
    %store/vec4a v00000121589413b0, 4, 0;
    %pushi/vec4 0, 0, 1;
    %ix/load 4, 14, 0;
    %flag_set/imm 4, 0;
    %store/vec4a v00000121589413b0, 4, 0;
    %pushi/vec4 1, 0, 1;
    %ix/load 4, 15, 0;
    %flag_set/imm 4, 0;
    %store/vec4a v00000121589413b0, 4, 0;
    %wait E_00000121588c29e0;
    %pushi/vec4 0, 0, 1;
    %store/vec4 v0000012158941630_0, 0, 1;
    %pushi/vec4 2, 0, 32;
T_4.2 %dup/vec4;
    %pushi/vec4 0, 0, 32;
    %cmp/s;
    %jmp/1xz T_4.3, 5;
    %jmp/1 T_4.3, 4;
    %pushi/vec4 1, 0, 32;
    %sub;
    %wait E_00000121588c29e0;
    %jmp T_4.2;
T_4.3 ;
    %pop/vec4 1;
    %pushi/vec4 1, 0, 1;
    %store/vec4 v0000012158941630_0, 0, 1;
    %pushi/vec4 0, 0, 32;
    %store/vec4 v0000012158941270_0, 0, 32;
T_4.4 ;
    %load/vec4 v0000012158941270_0;
    %cmpi/s 4, 0, 32;
    %jmp/0xz T_4.5, 5;
    %pushi/vec4 0, 0, 32;
    %store/vec4 v0000012158941590_0, 0, 32;
T_4.6 ;
    %load/vec4 v0000012158941590_0;
    %cmpi/s 4, 0, 32;
    %jmp/0xz T_4.7, 5;
    %alloc S_0000012158893050;
    %load/vec4 v0000012158941270_0;
    %cast2;
    %store/vec4 v00000121589414f0_0, 0, 32;
    %load/vec4 v0000012158941590_0;
    %cast2;
    %store/vec4 v00000121589419f0_0, 0, 32;
    %load/vec4 v0000012158941270_0;
    %pad/s 35;
    %pad/s 37;
    %muli 4, 0, 37;
    %pad/s 38;
    %load/vec4 v0000012158941590_0;
    %pad/s 38;
    %add;
    %ix/vec4/s 4;
    %load/vec4a v00000121589413b0, 4;
    %cast2;
    %store/vec4 v00000121589411d0_0, 0, 1;
    %fork TD_crossbar_tb.program_weight, S_0000012158893050;
    %join;
    %free S_0000012158893050;
    ; show_stmt_assign_vector: Get l-value for compressed += operand
    %load/vec4 v0000012158941590_0;
    %pushi/vec4 1, 0, 32;
    %add;
    %store/vec4 v0000012158941590_0, 0, 32;
    %jmp T_4.6;
T_4.7 ;
    ; show_stmt_assign_vector: Get l-value for compressed += operand
    %load/vec4 v0000012158941270_0;
    %pushi/vec4 1, 0, 32;
    %add;
    %store/vec4 v0000012158941270_0, 0, 32;
    %jmp T_4.4;
T_4.5 ;
    %wait E_00000121588c29e0;
    %pushi/vec4 10, 0, 8;
    %ix/load 4, 0, 0;
    %flag_set/imm 4, 0;
    %store/vec4a v0000012158941b30, 4, 0;
    %pushi/vec4 20, 0, 8;
    %ix/load 4, 1, 0;
    %flag_set/imm 4, 0;
    %store/vec4a v0000012158941b30, 4, 0;
    %pushi/vec4 30, 0, 8;
    %ix/load 4, 2, 0;
    %flag_set/imm 4, 0;
    %store/vec4a v0000012158941b30, 4, 0;
    %pushi/vec4 40, 0, 8;
    %ix/load 4, 3, 0;
    %flag_set/imm 4, 0;
    %store/vec4a v0000012158941b30, 4, 0;
    %pushi/vec4 65496, 0, 16;
    %ix/load 4, 0, 0;
    %flag_set/imm 4, 0;
    %store/vec4a v0000012158941130, 4, 0;
    %pushi/vec4 0, 0, 16;
    %ix/load 4, 1, 0;
    %flag_set/imm 4, 0;
    %store/vec4a v0000012158941130, 4, 0;
    %pushi/vec4 65516, 0, 16;
    %ix/load 4, 2, 0;
    %flag_set/imm 4, 0;
    %store/vec4a v0000012158941130, 4, 0;
    %pushi/vec4 65516, 0, 16;
    %ix/load 4, 3, 0;
    %flag_set/imm 4, 0;
    %store/vec4a v0000012158941130, 4, 0;
    %pushi/vec4 2, 0, 32;
T_4.8 %dup/vec4;
    %pushi/vec4 0, 0, 32;
    %cmp/s;
    %jmp/1xz T_4.9, 5;
    %jmp/1 T_4.9, 4;
    %pushi/vec4 1, 0, 32;
    %sub;
    %wait E_00000121588c2c60;
    %jmp T_4.8;
T_4.9 ;
    %pop/vec4 1;
    %delay 1000, 0;
    %vpi_call/w 3 102 "$display", "DUT outputs:      [%0d, %0d, %0d, %0d]", &A<v0000012158941310, 0>, &A<v0000012158941310, 1>, &A<v0000012158941310, 2>, &A<v0000012158941310, 3> {0 0 0};
    %vpi_call/w 3 103 "$display", "DUT dot_sum:      [%0d, %0d, %0d, %0d]", &A<v0000012158892e70, 0>, &A<v0000012158892e70, 1>, &A<v0000012158892e70, 2>, &A<v0000012158892e70, 3> {0 0 0};
    %vpi_call/w 3 104 "$display", "Expected outputs: [%0d, %0d, %0d, %0d]", &A<v0000012158941130, 0>, &A<v0000012158941130, 1>, &A<v0000012158941130, 2>, &A<v0000012158941130, 3> {0 0 0};
    %pushi/vec4 0, 0, 32;
    %store/vec4 v0000012158941590_0, 0, 32;
T_4.10 ;
    %load/vec4 v0000012158941590_0;
    %cmpi/s 4, 0, 32;
    %jmp/0xz T_4.11, 5;
    %ix/getv/s 4, v0000012158941590_0;
    %load/vec4a v0000012158941310, 4;
    %xor/r;
    %cmpi/e 1, 1, 1;
    %flag_mov 8, 6;
    %jmp/0 T_4.12, 8;
    %ix/getv/s 4, v0000012158941590_0;
    %load/vec4a v0000012158892e70, 4;
    %jmp/1 T_4.13, 8;
T_4.12 ; End of true expr.
    %ix/getv/s 4, v0000012158941590_0;
    %load/vec4a v0000012158941310, 4;
    %jmp/0 T_4.13, 8;
 ; End of false expr.
    %blend;
T_4.13;
    %ix/getv/s 4, v0000012158941590_0;
    %store/vec4a v0000012158941bd0, 4, 0;
    %ix/getv/s 4, v0000012158941590_0;
    %load/vec4a v0000012158941bd0, 4;
    %ix/getv/s 4, v0000012158941590_0;
    %load/vec4a v0000012158941130, 4;
    %cmp/ne;
    %jmp/0xz  T_4.14, 6;
    %vpi_call/w 3 111 "$error", "Mismatch at out[%0d]: got %0d expected %0d", v0000012158941590_0, &A<v0000012158941bd0, v0000012158941590_0 >, &A<v0000012158941130, v0000012158941590_0 > {0 0 0};
    %vpi_call/w 3 112 "$fatal", 32'sb00000000000000000000000000000001, "crossbar_tb FAILED" {0 0 0};
T_4.14 ;
    ; show_stmt_assign_vector: Get l-value for compressed += operand
    %load/vec4 v0000012158941590_0;
    %pushi/vec4 1, 0, 32;
    %add;
    %store/vec4 v0000012158941590_0, 0, 32;
    %jmp T_4.10;
T_4.11 ;
    %vpi_call/w 3 116 "$display", "crossbar_tb PASSED: results match hand-computed expected values." {0 0 0};
    %vpi_call/w 3 117 "$finish" {0 0 0};
    %end;
    .thread T_4;
# The file index is used to find the file name in the following table.
:file_names 5;
    "N/A";
    "<interactive>";
    "-";
    "crossbar_tb.sv";
    "crossbar_mac.sv";
