
===========================================================================
report_checks -unconstrained
===========================================================================
======================= nom_ff_n40C_1v95 Corner ===================================

Startpoint: g_in[3] (input port clocked by clk)
Endpoint: _1098_ (rising edge-triggered flip-flop clocked by clk)
Path Group: clk
Path Type: max

Fanout         Cap        Slew       Delay        Time   Description
---------------------------------------------------------------------------------------------
                                  0.000000    0.000000   clock clk (rise edge)
                                  0.000000    0.000000   clock network delay (propagated)
                                  4.000000    4.000000 ^ input external delay
     1    0.002895    0.014253    0.007489    4.007489 ^ g_in[3] (in)
                                                         g_in[3] (net)
                      0.014253    0.000000    4.007489 ^ input12/A (sky130_fd_sc_hd__clkbuf_1)
     2    0.008887    0.083168    0.083480    4.090969 ^ input12/X (sky130_fd_sc_hd__clkbuf_1)
                                                         net12 (net)
                      0.083169    0.000211    4.091179 ^ fanout67/A (sky130_fd_sc_hd__buf_2)
    10    0.035526    0.132617    0.153757    4.244937 ^ fanout67/X (sky130_fd_sc_hd__buf_2)
                                                         net67 (net)
                      0.132623    0.000777    4.245714 ^ _0847_/A (sky130_fd_sc_hd__nand2_1)
     2    0.006651    0.052941    0.052523    4.298236 v _0847_/Y (sky130_fd_sc_hd__nand2_1)
                                                         _0353_ (net)
                      0.052942    0.000105    4.298342 v _0863_/S (sky130_fd_sc_hd__mux2_1)
     2    0.006692    0.052851    0.203652    4.501994 v _0863_/X (sky130_fd_sc_hd__mux2_1)
                                                         _0368_ (net)
                      0.052851    0.000118    4.502112 v _0864_/B (sky130_fd_sc_hd__xnor2_1)
     3    0.009558    0.175593    0.163931    4.666043 ^ _0864_/Y (sky130_fd_sc_hd__xnor2_1)
                                                         _0369_ (net)
                      0.175594    0.000191    4.666234 ^ _0865_/B1 (sky130_fd_sc_hd__a21oi_1)
     2    0.006748    0.055684    0.045681    4.711915 v _0865_/Y (sky130_fd_sc_hd__a21oi_1)
                                                         _0370_ (net)
                      0.055684    0.000169    4.712084 v _0867_/A (sky130_fd_sc_hd__or2_1)
     3    0.007316    0.047080    0.156639    4.868723 v _0867_/X (sky130_fd_sc_hd__or2_1)
                                                         _0372_ (net)
                      0.047081    0.000212    4.868935 v _0872_/D (sky130_fd_sc_hd__or4_1)
     4    0.013499    0.095984    0.275965    5.144901 v _0872_/X (sky130_fd_sc_hd__or4_1)
                                                         _0377_ (net)
                      0.095984    0.000396    5.145297 v _0918_/B (sky130_fd_sc_hd__or2_1)
     2    0.005032    0.039828    0.151663    5.296959 v _0918_/X (sky130_fd_sc_hd__or2_1)
                                                         _0420_ (net)
                      0.039828    0.000104    5.297064 v _0919_/A3 (sky130_fd_sc_hd__a31oi_1)
     3    0.007756    0.163386    0.164428    5.461493 ^ _0919_/Y (sky130_fd_sc_hd__a31oi_1)
                                                         _0421_ (net)
                      0.163386    0.000196    5.461688 ^ _0939_/B (sky130_fd_sc_hd__or3_1)
     2    0.005066    0.043311    0.094469    5.556157 ^ _0939_/X (sky130_fd_sc_hd__or3_1)
                                                         _0439_ (net)
                      0.043311    0.000127    5.556284 ^ _0942_/C_N (sky130_fd_sc_hd__or3b_2)
     4    0.014884    0.077885    0.286718    5.843002 v _0942_/X (sky130_fd_sc_hd__or3b_2)
                                                         _0442_ (net)
                      0.077891    0.000606    5.843608 v _0948_/A2 (sky130_fd_sc_hd__a21oi_1)
     3    0.009442    0.166017    0.177610    6.021218 ^ _0948_/Y (sky130_fd_sc_hd__a21oi_1)
                                                         _0447_ (net)
                      0.166018    0.000233    6.021451 ^ _0952_/A2 (sky130_fd_sc_hd__o21ai_1)
     2    0.005000    0.047751    0.051250    6.072701 v _0952_/Y (sky130_fd_sc_hd__o21ai_1)
                                                         _0450_ (net)
                      0.047751    0.000095    6.072797 v _0953_/C (sky130_fd_sc_hd__and3_1)
     1    0.002382    0.026059    0.114422    6.187219 v _0953_/X (sky130_fd_sc_hd__and3_1)
                                                         _0046_ (net)
                      0.026059    0.000070    6.187289 v _1098_/D (sky130_fd_sc_hd__dfxtp_1)
                                              6.187289   data arrival time

                                 20.000000   20.000000   clock clk (rise edge)
                                  0.000000   20.000000   clock source latency
     1    0.020469    0.073273    0.050321   20.050322 ^ clk (in)
                                                         clk (net)
                      0.073289    0.000000   20.050322 ^ clkbuf_0_clk/A (sky130_fd_sc_hd__clkbuf_16)
     8    0.094401    0.085031    0.137375   20.187696 ^ clkbuf_0_clk/X (sky130_fd_sc_hd__clkbuf_16)
                                                         clknet_0_clk (net)
                      0.085207    0.003116   20.190811 ^ clkbuf_3_2__f_clk/A (sky130_fd_sc_hd__clkbuf_16)
     9    0.036725    0.043216    0.109969   20.300781 ^ clkbuf_3_2__f_clk/X (sky130_fd_sc_hd__clkbuf_16)
                                                         clknet_3_2__leaf_clk (net)
                      0.043253    0.000890   20.301670 ^ _1098_/CLK (sky130_fd_sc_hd__dfxtp_1)
                                 -0.250000   20.051672   clock uncertainty
                                  0.000000   20.051672   clock reconvergence pessimism
                                 -0.066800   19.984871   library setup time
                                             19.984871   data required time
---------------------------------------------------------------------------------------------
                                             19.984871   data required time
                                             -6.187289   data arrival time
---------------------------------------------------------------------------------------------
                                             13.797582   slack (MET)




===========================================================================
report_checks --slack_max -0.01
============================================================================
======================= nom_ff_n40C_1v95 Corner ===================================

No paths found.


===========================================================================
 report_check_types -max_slew -max_cap -max_fanout -violators
============================================================================
======================= nom_ff_n40C_1v95 Corner ===================================

max fanout

Pin                                   Limit Fanout  Slack
---------------------------------------------------------
clkbuf_3_3__f_clk/X                      10     12     -2 (VIOLATED)
clkbuf_3_7__f_clk/X                      10     12     -2 (VIOLATED)



===========================================================================
report_parasitic_annotation -report_unannotated
============================================================================
Found 7 unannotated drivers.
 clkload0/Y
 clkload1/Y
 clkload2/Y
 clkload3/X
 clkload4/Y
 clkload5/Y
 clkload6/Y
Found 0 partially unannotated drivers.

===========================================================================
max slew violation count 0
max fanout violation count 2
max cap violation count 0
============================================================================

===========================================================================
check_setup -verbose -unconstrained_endpoints -multiple_clock -no_clock -no_input_delay -loops -generated_clocks
===========================================================================
