
===========================================================================
report_checks -unconstrained
===========================================================================
======================= min_tt_025C_1v80 Corner ===================================

Startpoint: g_in[3] (input port clocked by clk)
Endpoint: _1098_ (rising edge-triggered flip-flop clocked by clk)
Path Group: clk
Path Type: max

Fanout         Cap        Slew       Delay        Time   Description
---------------------------------------------------------------------------------------------
                                  0.000000    0.000000   clock clk (rise edge)
                                  0.000000    0.000000   clock network delay (propagated)
                                  4.000000    4.000000 ^ input external delay
     1    0.002783    0.019658    0.010238    4.010239 ^ g_in[3] (in)
                                                         g_in[3] (net)
                      0.019658    0.000000    4.010239 ^ input12/A (sky130_fd_sc_hd__clkbuf_1)
     2    0.008317    0.105595    0.115698    4.125936 ^ input12/X (sky130_fd_sc_hd__clkbuf_1)
                                                         net12 (net)
                      0.105595    0.000096    4.126032 ^ fanout67/A (sky130_fd_sc_hd__buf_2)
    10    0.034069    0.169516    0.219943    4.345975 ^ fanout67/X (sky130_fd_sc_hd__buf_2)
                                                         net67 (net)
                      0.169516    0.000318    4.346293 ^ _0847_/A (sky130_fd_sc_hd__nand2_1)
     2    0.006220    0.071891    0.096032    4.442326 v _0847_/Y (sky130_fd_sc_hd__nand2_1)
                                                         _0353_ (net)
                      0.071891    0.000024    4.442350 v _0863_/S (sky130_fd_sc_hd__mux2_1)
     2    0.006579    0.075988    0.340261    4.782611 v _0863_/X (sky130_fd_sc_hd__mux2_1)
                                                         _0368_ (net)
                      0.075988    0.000029    4.782640 v _0864_/B (sky130_fd_sc_hd__xnor2_1)
     3    0.009107    0.238313    0.233772    5.016412 ^ _0864_/Y (sky130_fd_sc_hd__xnor2_1)
                                                         _0369_ (net)
                      0.238313    0.000087    5.016499 ^ _0865_/B1 (sky130_fd_sc_hd__a21oi_1)
     2    0.006581    0.079610    0.095040    5.111539 v _0865_/Y (sky130_fd_sc_hd__a21oi_1)
                                                         _0370_ (net)
                      0.079610    0.000065    5.111605 v _0867_/A (sky130_fd_sc_hd__or2_1)
     3    0.006959    0.067232    0.258120    5.369725 v _0867_/X (sky130_fd_sc_hd__or2_1)
                                                         _0372_ (net)
                      0.067232    0.000099    5.369823 v _0872_/D (sky130_fd_sc_hd__or4_1)
     4    0.012699    0.140238    0.480771    5.850595 v _0872_/X (sky130_fd_sc_hd__or4_1)
                                                         _0377_ (net)
                      0.140238    0.000200    5.850794 v _0918_/B (sky130_fd_sc_hd__or2_1)
     2    0.004992    0.058048    0.252757    6.103551 v _0918_/X (sky130_fd_sc_hd__or2_1)
                                                         _0420_ (net)
                      0.058048    0.000032    6.103584 v _0919_/A3 (sky130_fd_sc_hd__a31oi_1)
     3    0.007390    0.213888    0.229650    6.333234 ^ _0919_/Y (sky130_fd_sc_hd__a31oi_1)
                                                         _0421_ (net)
                      0.213888    0.000085    6.333319 ^ _0939_/B (sky130_fd_sc_hd__or3_1)
     2    0.004900    0.056790    0.154530    6.487849 ^ _0939_/X (sky130_fd_sc_hd__or3_1)
                                                         _0439_ (net)
                      0.056790    0.000048    6.487896 ^ _0942_/C_N (sky130_fd_sc_hd__or3b_2)
     4    0.014094    0.113586    0.497243    6.985139 v _0942_/X (sky130_fd_sc_hd__or3b_2)
                                                         _0442_ (net)
                      0.113586    0.000310    6.985449 v _0948_/A2 (sky130_fd_sc_hd__a21oi_1)
     3    0.009036    0.227002    0.251204    7.236654 ^ _0948_/Y (sky130_fd_sc_hd__a21oi_1)
                                                         _0447_ (net)
                      0.227002    0.000089    7.236742 ^ _0952_/A2 (sky130_fd_sc_hd__o21ai_1)
     2    0.004768    0.065623    0.101610    7.338352 v _0952_/Y (sky130_fd_sc_hd__o21ai_1)
                                                         _0450_ (net)
                      0.065623    0.000026    7.338378 v _0953_/C (sky130_fd_sc_hd__and3_1)
     1    0.002210    0.033979    0.178523    7.516901 v _0953_/X (sky130_fd_sc_hd__and3_1)
                                                         _0046_ (net)
                      0.033979    0.000020    7.516922 v _1098_/D (sky130_fd_sc_hd__dfxtp_1)
                                              7.516922   data arrival time

                                 20.000000   20.000000   clock clk (rise edge)
                                  0.000000   20.000000   clock source latency
     1    0.019565    0.093778    0.064478   20.064478 ^ clk (in)
                                                         clk (net)
                      0.093786    0.000000   20.064478 ^ clkbuf_0_clk/A (sky130_fd_sc_hd__clkbuf_16)
     8    0.091052    0.107118    0.197243   20.261723 ^ clkbuf_0_clk/X (sky130_fd_sc_hd__clkbuf_16)
                                                         clknet_0_clk (net)
                      0.107147    0.001725   20.263447 ^ clkbuf_3_2__f_clk/A (sky130_fd_sc_hd__clkbuf_16)
     9    0.034826    0.055276    0.160858   20.424305 ^ clkbuf_3_2__f_clk/X (sky130_fd_sc_hd__clkbuf_16)
                                                         clknet_3_2__leaf_clk (net)
                      0.055279    0.000396   20.424700 ^ _1098_/CLK (sky130_fd_sc_hd__dfxtp_1)
                                 -0.250000   20.174702   clock uncertainty
                                  0.000000   20.174702   clock reconvergence pessimism
                                 -0.103293   20.071407   library setup time
                                             20.071407   data required time
---------------------------------------------------------------------------------------------
                                             20.071407   data required time
                                             -7.516922   data arrival time
---------------------------------------------------------------------------------------------
                                             12.554486   slack (MET)




===========================================================================
report_checks --slack_max -0.01
============================================================================
======================= min_tt_025C_1v80 Corner ===================================

No paths found.


===========================================================================
 report_check_types -max_slew -max_cap -max_fanout -violators
============================================================================
======================= min_tt_025C_1v80 Corner ===================================

max fanout

Pin                                   Limit Fanout  Slack
---------------------------------------------------------
clkbuf_3_3__f_clk/X                      10     12     -2 (VIOLATED)
clkbuf_3_7__f_clk/X                      10     12     -2 (VIOLATED)



===========================================================================
report_parasitic_annotation -report_unannotated
============================================================================
Found 7 unannotated drivers.
 clkload0/Y
 clkload1/Y
 clkload2/Y
 clkload3/X
 clkload4/Y
 clkload5/Y
 clkload6/Y
Found 0 partially unannotated drivers.

===========================================================================
max slew violation count 0
max fanout violation count 2
max cap violation count 0
============================================================================

===========================================================================
check_setup -verbose -unconstrained_endpoints -multiple_clock -no_clock -no_input_delay -loops -generated_clocks
===========================================================================
