#! /c/Source/iverilog-install/bin/vvp
:ivl_version "12.0 (devel)" "(s20150603-1110-g18392a46)";
:ivl_delay_selection "TYPICAL";
:vpi_time_precision - 12;
:vpi_module "C:\iverilog\lib\ivl\system.vpi";
:vpi_module "C:\iverilog\lib\ivl\vhdl_sys.vpi";
:vpi_module "C:\iverilog\lib\ivl\vhdl_textio.vpi";
:vpi_module "C:\iverilog\lib\ivl\v2005_math.vpi";
:vpi_module "C:\iverilog\lib\ivl\va_math.vpi";
:vpi_module "C:\iverilog\lib\ivl\v2009.vpi";
S_000001a6a03b8b60 .scope package, "$unit" "$unit" 2 1;
 .timescale 0 0;
S_000001a6a03b2290 .scope module, "tb_top" "tb_top" 3 53;
 .timescale -9 -12;
P_000001a6a0375250 .param/l "CLK_HALF" 1 3 58, +C4<00000000000000000000000000000101>;
P_000001a6a0375288 .param/l "NUM_VEC" 1 3 59, +C4<00000000000000000000000000001000>;
P_000001a6a03752c0 .param/l "PIPE_LAT" 1 3 60, +C4<00000000000000000000000000000010>;
v000001a6a0417b50_0 .var "clk", 0 0;
v000001a6a0416390 .array "exp_gray", 7 0, 7 0;
v000001a6a0416bb0 .array "exp_mask", 7 0, 0 0;
v000001a6a0416c50_0 .var/i "fail_count", 31 0;
v000001a6a0416f70_0 .var/i "i", 31 0;
v000001a6a0417150_0 .var "last_tlast_seen", 0 0;
v000001a6a0417290_0 .net "m_tdata", 8 0, v000001a6a0417bf0_0;  1 drivers
v000001a6a0418120_0 .net "m_tlast", 0 0, v000001a6a0416570_0;  1 drivers
v000001a6a04197a0_0 .var "m_tready", 0 0;
v000001a6a0419520_0 .net "m_tvalid", 0 0, v000001a6a04176f0_0;  1 drivers
v000001a6a04181c0_0 .var/i "out_idx", 31 0;
v000001a6a0419340_0 .var "rst", 0 0;
v000001a6a0418800_0 .var "s_tdata", 23 0;
v000001a6a04192a0_0 .var "s_tlast", 0 0;
v000001a6a04184e0_0 .net "s_tready", 0 0, L_000001a6a03939c0;  1 drivers
v000001a6a0419020_0 .var "s_tuser", 15 0;
v000001a6a0419ca0_0 .var "s_tvalid", 0 0;
v000001a6a04188a0 .array "tv_b", 7 0, 7 0;
v000001a6a0419160 .array "tv_g", 7 0, 7 0;
v000001a6a04195c0 .array "tv_hi", 7 0, 7 0;
v000001a6a04190c0 .array "tv_lo", 7 0, 7 0;
v000001a6a0418580 .array "tv_r", 7 0, 7 0;
S_000001a6a03aa470 .scope module, "dut" "top" 3 83, 4 54 0, S_000001a6a03b2290;
 .timescale -9 -12;
    .port_info 0 /INPUT 1 "clk";
    .port_info 1 /INPUT 1 "rst";
    .port_info 2 /INPUT 1 "s_tvalid";
    .port_info 3 /OUTPUT 1 "s_tready";
    .port_info 4 /INPUT 24 "s_tdata";
    .port_info 5 /INPUT 16 "s_tuser";
    .port_info 6 /INPUT 1 "s_tlast";
    .port_info 7 /OUTPUT 1 "m_tvalid";
    .port_info 8 /INPUT 1 "m_tready";
    .port_info 9 /OUTPUT 9 "m_tdata";
    .port_info 10 /OUTPUT 1 "m_tlast";
v000001a6a04170b0_0 .net "clk", 0 0, v000001a6a0417b50_0;  1 drivers
v000001a6a0416070_0 .net "core_b_in", 7 0, L_000001a6a0419660;  1 drivers
v000001a6a0417d30_0 .net "core_g_in", 7 0, L_000001a6a0418760;  1 drivers
v000001a6a0416610_0 .net "core_gray_out", 7 0, v000001a6a0361420_0;  1 drivers
v000001a6a0417790_0 .net "core_hi_thresh", 7 0, L_000001a6a0419700;  1 drivers
v000001a6a0416e30_0 .net "core_lo_thresh", 7 0, L_000001a6a0419f20;  1 drivers
v000001a6a0416110_0 .net "core_mask_out", 0 0, v000001a6a03614c0_0;  1 drivers
v000001a6a0417010_0 .net "core_r_in", 7 0, L_000001a6a0418f80;  1 drivers
v000001a6a0416430_0 .net "core_valid_in", 0 0, L_000001a6a03942f0;  1 drivers
v000001a6a0416cf0_0 .net "core_valid_out", 0 0, v000001a6a04166b0_0;  1 drivers
v000001a6a0416ed0_0 .net "m_tdata", 8 0, v000001a6a0417bf0_0;  alias, 1 drivers
v000001a6a0417970_0 .net "m_tlast", 0 0, v000001a6a0416570_0;  alias, 1 drivers
v000001a6a04161b0_0 .net "m_tready", 0 0, v000001a6a04197a0_0;  1 drivers
v000001a6a0416a70_0 .net "m_tvalid", 0 0, v000001a6a04176f0_0;  alias, 1 drivers
v000001a6a0417830_0 .net "rst", 0 0, v000001a6a0419340_0;  1 drivers
v000001a6a0417dd0_0 .net "s_tdata", 23 0, v000001a6a0418800_0;  1 drivers
v000001a6a0417f10_0 .net "s_tlast", 0 0, v000001a6a04192a0_0;  1 drivers
v000001a6a0416250_0 .net "s_tready", 0 0, L_000001a6a03939c0;  alias, 1 drivers
v000001a6a04162f0_0 .net "s_tuser", 15 0, v000001a6a0419020_0;  1 drivers
v000001a6a0417ab0_0 .net "s_tvalid", 0 0, v000001a6a0419ca0_0;  1 drivers
S_000001a6a03aa600 .scope module, "u_core" "compute_core" 4 127, 5 43 0, S_000001a6a03aa470;
 .timescale -9 -12;
    .port_info 0 /INPUT 1 "clk";
    .port_info 1 /INPUT 1 "rst";
    .port_info 2 /INPUT 1 "valid_in";
    .port_info 3 /INPUT 8 "b_in";
    .port_info 4 /INPUT 8 "g_in";
    .port_info 5 /INPUT 8 "r_in";
    .port_info 6 /INPUT 8 "lo_thresh";
    .port_info 7 /INPUT 8 "hi_thresh";
    .port_info 8 /OUTPUT 1 "valid_out";
    .port_info 9 /OUTPUT 8 "gray_out";
    .port_info 10 /OUTPUT 1 "mask_out";
L_000001a6a0420088 .functor BUFT 1, C4<0>, C4<0>, C4<0>, C4<0>;
v000001a6a03612e0_0 .net/2u *"_ivl_0", 0 0, L_000001a6a0420088;  1 drivers
v000001a6a0360ca0_0 .net *"_ivl_2", 15 0, L_000001a6a0419d40;  1 drivers
v000001a6a0360700_0 .net *"_ivl_4", 15 0, L_000001a6a0419200;  1 drivers
L_000001a6a04200d0 .functor BUFT 1, C4<000>, C4<0>, C4<0>, C4<0>;
v000001a6a0360d40_0 .net/2u *"_ivl_6", 2 0, L_000001a6a04200d0;  1 drivers
v000001a6a0360840_0 .net *"_ivl_8", 15 0, L_000001a6a04193e0;  1 drivers
v000001a6a0361380_0 .net "b_in", 7 0, L_000001a6a0419660;  alias, 1 drivers
v000001a6a0361100_0 .net "clk", 0 0, v000001a6a0417b50_0;  alias, 1 drivers
v000001a6a0360980_0 .net "g_in", 7 0, L_000001a6a0418760;  alias, 1 drivers
v000001a6a0361420_0 .var "gray_out", 7 0;
v000001a6a0360ac0_0 .net "hi_thresh", 7 0, L_000001a6a0419700;  alias, 1 drivers
v000001a6a0360a20_0 .net "lo_thresh", 7 0, L_000001a6a0419f20;  alias, 1 drivers
v000001a6a03614c0_0 .var "mask_out", 0 0;
v000001a6a0360de0_0 .net "r_in", 7 0, L_000001a6a0418f80;  alias, 1 drivers
v000001a6a03611a0_0 .net "rst", 0 0, v000001a6a0419340_0;  alias, 1 drivers
v000001a6a0360b60_0 .var "s1_b29", 12 0;
v000001a6a0361600_0 .var "s1_g150", 15 0;
v000001a6a0360c00_0 .var "s1_hi", 7 0;
v000001a6a0360e80_0 .var "s1_lo", 7 0;
v000001a6a0360f20_0 .var "s1_r77", 14 0;
v000001a6a0360fc0_0 .var "s1_valid", 0 0;
v000001a6a0361240_0 .net "s2_sum", 15 0, L_000001a6a0418ee0;  1 drivers
v000001a6a0361560_0 .net "valid_in", 0 0, L_000001a6a03942f0;  alias, 1 drivers
v000001a6a04166b0_0 .var "valid_out", 0 0;
E_000001a6a03b4d80 .event posedge, v000001a6a0361100_0;
L_000001a6a0419d40 .concat [ 15 1 0 0], v000001a6a0360f20_0, L_000001a6a0420088;
L_000001a6a0419200 .arith/sum 16, L_000001a6a0419d40, v000001a6a0361600_0;
L_000001a6a04193e0 .concat [ 13 3 0 0], v000001a6a0360b60_0, L_000001a6a04200d0;
L_000001a6a0418ee0 .arith/sum 16, L_000001a6a0419200, L_000001a6a04193e0;
S_000001a6a0364f50 .scope module, "u_if" "interface" 4 94, 6 49 0, S_000001a6a03aa470;
 .timescale -9 -12;
    .port_info 0 /INPUT 1 "clk";
    .port_info 1 /INPUT 1 "rst";
    .port_info 2 /INPUT 1 "s_tvalid";
    .port_info 3 /OUTPUT 1 "s_tready";
    .port_info 4 /INPUT 24 "s_tdata";
    .port_info 5 /INPUT 16 "s_tuser";
    .port_info 6 /INPUT 1 "s_tlast";
    .port_info 7 /OUTPUT 1 "m_tvalid";
    .port_info 8 /INPUT 1 "m_tready";
    .port_info 9 /OUTPUT 9 "m_tdata";
    .port_info 10 /OUTPUT 1 "m_tlast";
    .port_info 11 /OUTPUT 1 "core_valid_in";
    .port_info 12 /OUTPUT 8 "core_b_in";
    .port_info 13 /OUTPUT 8 "core_g_in";
    .port_info 14 /OUTPUT 8 "core_r_in";
    .port_info 15 /OUTPUT 8 "core_lo_thresh";
    .port_info 16 /OUTPUT 8 "core_hi_thresh";
    .port_info 17 /INPUT 1 "core_valid_out";
    .port_info 18 /INPUT 8 "core_gray_out";
    .port_info 19 /INPUT 1 "core_mask_out";
L_000001a6a03939c0 .functor OR 1, L_000001a6a0418b20, v000001a6a04197a0_0, C4<0>, C4<0>;
L_000001a6a03942f0 .functor AND 1, v000001a6a0419ca0_0, L_000001a6a03939c0, C4<1>, C4<1>;
v000001a6a0417c90_0 .net *"_ivl_1", 0 0, L_000001a6a0418b20;  1 drivers
v000001a6a0417e70_0 .net "clk", 0 0, v000001a6a0417b50_0;  alias, 1 drivers
v000001a6a0417510_0 .net "core_b_in", 7 0, L_000001a6a0419660;  alias, 1 drivers
v000001a6a04164d0_0 .net "core_g_in", 7 0, L_000001a6a0418760;  alias, 1 drivers
v000001a6a0417650_0 .net "core_gray_out", 7 0, v000001a6a0361420_0;  alias, 1 drivers
v000001a6a04167f0_0 .net "core_hi_thresh", 7 0, L_000001a6a0419700;  alias, 1 drivers
v000001a6a0416750_0 .net "core_lo_thresh", 7 0, L_000001a6a0419f20;  alias, 1 drivers
v000001a6a04175b0_0 .net "core_mask_out", 0 0, v000001a6a03614c0_0;  alias, 1 drivers
v000001a6a0416890_0 .net "core_r_in", 7 0, L_000001a6a0418f80;  alias, 1 drivers
v000001a6a0417330_0 .net "core_valid_in", 0 0, L_000001a6a03942f0;  alias, 1 drivers
v000001a6a0417470_0 .net "core_valid_out", 0 0, v000001a6a04166b0_0;  alias, 1 drivers
v000001a6a0417bf0_0 .var "m_tdata", 8 0;
v000001a6a0416570_0 .var "m_tlast", 0 0;
v000001a6a0416d90_0 .net "m_tready", 0 0, v000001a6a04197a0_0;  alias, 1 drivers
v000001a6a04176f0_0 .var "m_tvalid", 0 0;
v000001a6a0416b10_0 .net "rst", 0 0, v000001a6a0419340_0;  alias, 1 drivers
v000001a6a04169d0_0 .net "s_tdata", 23 0, v000001a6a0418800_0;  alias, 1 drivers
v000001a6a0416930_0 .net "s_tlast", 0 0, v000001a6a04192a0_0;  alias, 1 drivers
v000001a6a0417a10_0 .net "s_tready", 0 0, L_000001a6a03939c0;  alias, 1 drivers
v000001a6a04171f0_0 .net "s_tuser", 15 0, v000001a6a0419020_0;  alias, 1 drivers
v000001a6a04178d0_0 .net "s_tvalid", 0 0, v000001a6a0419ca0_0;  alias, 1 drivers
v000001a6a04173d0_0 .var "tlast_pipe", 1 0;
L_000001a6a0418b20 .reduce/nor v000001a6a04176f0_0;
L_000001a6a0419660 .part v000001a6a0418800_0, 16, 8;
L_000001a6a0418760 .part v000001a6a0418800_0, 8, 8;
L_000001a6a0418f80 .part v000001a6a0418800_0, 0, 8;
L_000001a6a0419f20 .part v000001a6a0419020_0, 0, 8;
L_000001a6a0419700 .part v000001a6a0419020_0, 8, 8;
    .scope S_000001a6a0364f50;
T_0 ;
    %wait E_000001a6a03b4d80;
    %load/vec4 v000001a6a0416b10_0;
    %flag_set/vec4 8;
    %jmp/0xz  T_0.0, 8;
    %pushi/vec4 0, 0, 2;
    %assign/vec4 v000001a6a04173d0_0, 0;
    %jmp T_0.1;
T_0.0 ;
    %load/vec4 v000001a6a0416930_0;
    %load/vec4 v000001a6a0417330_0;
    %and;
    %ix/load 4, 0, 0;
    %ix/load 5, 0, 0;
    %flag_set/imm 4, 0;
    %assign/vec4/off/d v000001a6a04173d0_0, 4, 5;
    %load/vec4 v000001a6a04173d0_0;
    %parti/s 1, 0, 2;
    %ix/load 4, 1, 0;
    %ix/load 5, 0, 0;
    %flag_set/imm 4, 0;
    %assign/vec4/off/d v000001a6a04173d0_0, 4, 5;
T_0.1 ;
    %jmp T_0;
    .thread T_0;
    .scope S_000001a6a0364f50;
T_1 ;
    %wait E_000001a6a03b4d80;
    %load/vec4 v000001a6a0416b10_0;
    %flag_set/vec4 8;
    %jmp/0xz  T_1.0, 8;
    %pushi/vec4 0, 0, 1;
    %assign/vec4 v000001a6a04176f0_0, 0;
    %pushi/vec4 0, 0, 9;
    %assign/vec4 v000001a6a0417bf0_0, 0;
    %pushi/vec4 0, 0, 1;
    %assign/vec4 v000001a6a0416570_0, 0;
    %jmp T_1.1;
T_1.0 ;
    %load/vec4 v000001a6a0417470_0;
    %load/vec4 v000001a6a04176f0_0;
    %nor/r;
    %load/vec4 v000001a6a0416d90_0;
    %or;
    %and;
    %flag_set/vec4 8;
    %jmp/0xz  T_1.2, 8;
    %pushi/vec4 1, 0, 1;
    %assign/vec4 v000001a6a04176f0_0, 0;
    %load/vec4 v000001a6a04175b0_0;
    %load/vec4 v000001a6a0417650_0;
    %concat/vec4; draw_concat_vec4
    %assign/vec4 v000001a6a0417bf0_0, 0;
    %load/vec4 v000001a6a04173d0_0;
    %parti/s 1, 1, 2;
    %assign/vec4 v000001a6a0416570_0, 0;
    %jmp T_1.3;
T_1.2 ;
    %load/vec4 v000001a6a0416d90_0;
    %flag_set/vec4 8;
    %jmp/0xz  T_1.4, 8;
    %pushi/vec4 0, 0, 1;
    %assign/vec4 v000001a6a04176f0_0, 0;
T_1.4 ;
T_1.3 ;
T_1.1 ;
    %jmp T_1;
    .thread T_1;
    .scope S_000001a6a03aa600;
T_2 ;
    %wait E_000001a6a03b4d80;
    %load/vec4 v000001a6a03611a0_0;
    %flag_set/vec4 8;
    %jmp/0xz  T_2.0, 8;
    %pushi/vec4 0, 0, 1;
    %assign/vec4 v000001a6a0360fc0_0, 0;
    %pushi/vec4 0, 0, 15;
    %assign/vec4 v000001a6a0360f20_0, 0;
    %pushi/vec4 0, 0, 16;
    %assign/vec4 v000001a6a0361600_0, 0;
    %pushi/vec4 0, 0, 13;
    %assign/vec4 v000001a6a0360b60_0, 0;
    %pushi/vec4 0, 0, 8;
    %assign/vec4 v000001a6a0360e80_0, 0;
    %pushi/vec4 0, 0, 8;
    %assign/vec4 v000001a6a0360c00_0, 0;
    %jmp T_2.1;
T_2.0 ;
    %load/vec4 v000001a6a0361560_0;
    %assign/vec4 v000001a6a0360fc0_0, 0;
    %load/vec4 v000001a6a0360de0_0;
    %pad/u 15;
    %muli 77, 0, 15;
    %assign/vec4 v000001a6a0360f20_0, 0;
    %load/vec4 v000001a6a0360980_0;
    %pad/u 16;
    %muli 150, 0, 16;
    %assign/vec4 v000001a6a0361600_0, 0;
    %load/vec4 v000001a6a0361380_0;
    %pad/u 13;
    %muli 29, 0, 13;
    %assign/vec4 v000001a6a0360b60_0, 0;
    %load/vec4 v000001a6a0360a20_0;
    %assign/vec4 v000001a6a0360e80_0, 0;
    %load/vec4 v000001a6a0360ac0_0;
    %assign/vec4 v000001a6a0360c00_0, 0;
T_2.1 ;
    %jmp T_2;
    .thread T_2;
    .scope S_000001a6a03aa600;
T_3 ;
    %wait E_000001a6a03b4d80;
    %load/vec4 v000001a6a03611a0_0;
    %flag_set/vec4 8;
    %jmp/0xz  T_3.0, 8;
    %pushi/vec4 0, 0, 1;
    %assign/vec4 v000001a6a04166b0_0, 0;
    %pushi/vec4 0, 0, 8;
    %assign/vec4 v000001a6a0361420_0, 0;
    %pushi/vec4 0, 0, 1;
    %assign/vec4 v000001a6a03614c0_0, 0;
    %jmp T_3.1;
T_3.0 ;
    %load/vec4 v000001a6a0360fc0_0;
    %assign/vec4 v000001a6a04166b0_0, 0;
    %load/vec4 v000001a6a0361240_0;
    %parti/s 8, 8, 5;
    %assign/vec4 v000001a6a0361420_0, 0;
    %load/vec4 v000001a6a0360e80_0;
    %load/vec4 v000001a6a0361240_0;
    %parti/s 8, 8, 5;
    %cmp/u;
    %flag_get/vec4 4;
    %flag_get/vec4 5;
    %or;
    %load/vec4 v000001a6a0361240_0;
    %parti/s 8, 8, 5;
    %load/vec4 v000001a6a0360c00_0;
    %cmp/u;
    %flag_get/vec4 4;
    %flag_get/vec4 5;
    %or;
    %and;
    %assign/vec4 v000001a6a03614c0_0, 0;
T_3.1 ;
    %jmp T_3;
    .thread T_3;
    .scope S_000001a6a03b2290;
T_4 ;
    %pushi/vec4 0, 0, 1;
    %store/vec4 v000001a6a0417b50_0, 0, 1;
    %end;
    .thread T_4;
    .scope S_000001a6a03b2290;
T_5 ;
    %delay 5000, 0;
    %load/vec4 v000001a6a0417b50_0;
    %inv;
    %store/vec4 v000001a6a0417b50_0, 0, 1;
    %jmp T_5;
    .thread T_5;
    .scope S_000001a6a03b2290;
T_6 ;
    %vpi_call/w 3 122 "$dumpfile", "tb_top.vcd" {0 0 0};
    %vpi_call/w 3 123 "$dumpvars", 32'sb00000000000000000000000000000000, S_000001a6a03b2290 {0 0 0};
    %pushi/vec4 0, 0, 8;
    %ix/load 4, 0, 0;
    %flag_set/imm 4, 0;
    %store/vec4a v000001a6a04188a0, 4, 0;
    %pushi/vec4 0, 0, 8;
    %ix/load 4, 0, 0;
    %flag_set/imm 4, 0;
    %store/vec4a v000001a6a0419160, 4, 0;
    %pushi/vec4 0, 0, 8;
    %ix/load 4, 0, 0;
    %flag_set/imm 4, 0;
    %store/vec4a v000001a6a0418580, 4, 0;
    %pushi/vec4 0, 0, 8;
    %ix/load 4, 0, 0;
    %flag_set/imm 4, 0;
    %store/vec4a v000001a6a04190c0, 4, 0;
    %pushi/vec4 255, 0, 8;
    %ix/load 4, 0, 0;
    %flag_set/imm 4, 0;
    %store/vec4a v000001a6a04195c0, 4, 0;
    %pushi/vec4 0, 0, 8;
    %ix/load 4, 0, 0;
    %flag_set/imm 4, 0;
    %store/vec4a v000001a6a0416390, 4, 0;
    %pushi/vec4 1, 0, 1;
    %ix/load 4, 0, 0;
    %flag_set/imm 4, 0;
    %store/vec4a v000001a6a0416bb0, 4, 0;
    %pushi/vec4 0, 0, 8;
    %ix/load 4, 1, 0;
    %flag_set/imm 4, 0;
    %store/vec4a v000001a6a04188a0, 4, 0;
    %pushi/vec4 0, 0, 8;
    %ix/load 4, 1, 0;
    %flag_set/imm 4, 0;
    %store/vec4a v000001a6a0419160, 4, 0;
    %pushi/vec4 255, 0, 8;
    %ix/load 4, 1, 0;
    %flag_set/imm 4, 0;
    %store/vec4a v000001a6a0418580, 4, 0;
    %pushi/vec4 0, 0, 8;
    %ix/load 4, 1, 0;
    %flag_set/imm 4, 0;
    %store/vec4a v000001a6a04190c0, 4, 0;
    %pushi/vec4 255, 0, 8;
    %ix/load 4, 1, 0;
    %flag_set/imm 4, 0;
    %store/vec4a v000001a6a04195c0, 4, 0;
    %pushi/vec4 76, 0, 8;
    %ix/load 4, 1, 0;
    %flag_set/imm 4, 0;
    %store/vec4a v000001a6a0416390, 4, 0;
    %pushi/vec4 1, 0, 1;
    %ix/load 4, 1, 0;
    %flag_set/imm 4, 0;
    %store/vec4a v000001a6a0416bb0, 4, 0;
    %pushi/vec4 0, 0, 8;
    %ix/load 4, 2, 0;
    %flag_set/imm 4, 0;
    %store/vec4a v000001a6a04188a0, 4, 0;
    %pushi/vec4 255, 0, 8;
    %ix/load 4, 2, 0;
    %flag_set/imm 4, 0;
    %store/vec4a v000001a6a0419160, 4, 0;
    %pushi/vec4 0, 0, 8;
    %ix/load 4, 2, 0;
    %flag_set/imm 4, 0;
    %store/vec4a v000001a6a0418580, 4, 0;
    %pushi/vec4 0, 0, 8;
    %ix/load 4, 2, 0;
    %flag_set/imm 4, 0;
    %store/vec4a v000001a6a04190c0, 4, 0;
    %pushi/vec4 255, 0, 8;
    %ix/load 4, 2, 0;
    %flag_set/imm 4, 0;
    %store/vec4a v000001a6a04195c0, 4, 0;
    %pushi/vec4 149, 0, 8;
    %ix/load 4, 2, 0;
    %flag_set/imm 4, 0;
    %store/vec4a v000001a6a0416390, 4, 0;
    %pushi/vec4 1, 0, 1;
    %ix/load 4, 2, 0;
    %flag_set/imm 4, 0;
    %store/vec4a v000001a6a0416bb0, 4, 0;
    %pushi/vec4 255, 0, 8;
    %ix/load 4, 3, 0;
    %flag_set/imm 4, 0;
    %store/vec4a v000001a6a04188a0, 4, 0;
    %pushi/vec4 0, 0, 8;
    %ix/load 4, 3, 0;
    %flag_set/imm 4, 0;
    %store/vec4a v000001a6a0419160, 4, 0;
    %pushi/vec4 0, 0, 8;
    %ix/load 4, 3, 0;
    %flag_set/imm 4, 0;
    %store/vec4a v000001a6a0418580, 4, 0;
    %pushi/vec4 0, 0, 8;
    %ix/load 4, 3, 0;
    %flag_set/imm 4, 0;
    %store/vec4a v000001a6a04190c0, 4, 0;
    %pushi/vec4 255, 0, 8;
    %ix/load 4, 3, 0;
    %flag_set/imm 4, 0;
    %store/vec4a v000001a6a04195c0, 4, 0;
    %pushi/vec4 28, 0, 8;
    %ix/load 4, 3, 0;
    %flag_set/imm 4, 0;
    %store/vec4a v000001a6a0416390, 4, 0;
    %pushi/vec4 1, 0, 1;
    %ix/load 4, 3, 0;
    %flag_set/imm 4, 0;
    %store/vec4a v000001a6a0416bb0, 4, 0;
    %pushi/vec4 255, 0, 8;
    %ix/load 4, 4, 0;
    %flag_set/imm 4, 0;
    %store/vec4a v000001a6a04188a0, 4, 0;
    %pushi/vec4 255, 0, 8;
    %ix/load 4, 4, 0;
    %flag_set/imm 4, 0;
    %store/vec4a v000001a6a0419160, 4, 0;
    %pushi/vec4 255, 0, 8;
    %ix/load 4, 4, 0;
    %flag_set/imm 4, 0;
    %store/vec4a v000001a6a0418580, 4, 0;
    %pushi/vec4 0, 0, 8;
    %ix/load 4, 4, 0;
    %flag_set/imm 4, 0;
    %store/vec4a v000001a6a04190c0, 4, 0;
    %pushi/vec4 255, 0, 8;
    %ix/load 4, 4, 0;
    %flag_set/imm 4, 0;
    %store/vec4a v000001a6a04195c0, 4, 0;
    %pushi/vec4 255, 0, 8;
    %ix/load 4, 4, 0;
    %flag_set/imm 4, 0;
    %store/vec4a v000001a6a0416390, 4, 0;
    %pushi/vec4 1, 0, 1;
    %ix/load 4, 4, 0;
    %flag_set/imm 4, 0;
    %store/vec4a v000001a6a0416bb0, 4, 0;
    %pushi/vec4 100, 0, 8;
    %ix/load 4, 5, 0;
    %flag_set/imm 4, 0;
    %store/vec4a v000001a6a04188a0, 4, 0;
    %pushi/vec4 150, 0, 8;
    %ix/load 4, 5, 0;
    %flag_set/imm 4, 0;
    %store/vec4a v000001a6a0419160, 4, 0;
    %pushi/vec4 200, 0, 8;
    %ix/load 4, 5, 0;
    %flag_set/imm 4, 0;
    %store/vec4a v000001a6a0418580, 4, 0;
    %pushi/vec4 100, 0, 8;
    %ix/load 4, 5, 0;
    %flag_set/imm 4, 0;
    %store/vec4a v000001a6a04190c0, 4, 0;
    %pushi/vec4 200, 0, 8;
    %ix/load 4, 5, 0;
    %flag_set/imm 4, 0;
    %store/vec4a v000001a6a04195c0, 4, 0;
    %pushi/vec4 159, 0, 8;
    %ix/load 4, 5, 0;
    %flag_set/imm 4, 0;
    %store/vec4a v000001a6a0416390, 4, 0;
    %pushi/vec4 1, 0, 1;
    %ix/load 4, 5, 0;
    %flag_set/imm 4, 0;
    %store/vec4a v000001a6a0416bb0, 4, 0;
    %pushi/vec4 10, 0, 8;
    %ix/load 4, 6, 0;
    %flag_set/imm 4, 0;
    %store/vec4a v000001a6a04188a0, 4, 0;
    %pushi/vec4 30, 0, 8;
    %ix/load 4, 6, 0;
    %flag_set/imm 4, 0;
    %store/vec4a v000001a6a0419160, 4, 0;
    %pushi/vec4 20, 0, 8;
    %ix/load 4, 6, 0;
    %flag_set/imm 4, 0;
    %store/vec4a v000001a6a0418580, 4, 0;
    %pushi/vec4 100, 0, 8;
    %ix/load 4, 6, 0;
    %flag_set/imm 4, 0;
    %store/vec4a v000001a6a04190c0, 4, 0;
    %pushi/vec4 200, 0, 8;
    %ix/load 4, 6, 0;
    %flag_set/imm 4, 0;
    %store/vec4a v000001a6a04195c0, 4, 0;
    %pushi/vec4 24, 0, 8;
    %ix/load 4, 6, 0;
    %flag_set/imm 4, 0;
    %store/vec4a v000001a6a0416390, 4, 0;
    %pushi/vec4 0, 0, 1;
    %ix/load 4, 6, 0;
    %flag_set/imm 4, 0;
    %store/vec4a v000001a6a0416bb0, 4, 0;
    %pushi/vec4 128, 0, 8;
    %ix/load 4, 7, 0;
    %flag_set/imm 4, 0;
    %store/vec4a v000001a6a04188a0, 4, 0;
    %pushi/vec4 128, 0, 8;
    %ix/load 4, 7, 0;
    %flag_set/imm 4, 0;
    %store/vec4a v000001a6a0419160, 4, 0;
    %pushi/vec4 128, 0, 8;
    %ix/load 4, 7, 0;
    %flag_set/imm 4, 0;
    %store/vec4a v000001a6a0418580, 4, 0;
    %pushi/vec4 100, 0, 8;
    %ix/load 4, 7, 0;
    %flag_set/imm 4, 0;
    %store/vec4a v000001a6a04190c0, 4, 0;
    %pushi/vec4 200, 0, 8;
    %ix/load 4, 7, 0;
    %flag_set/imm 4, 0;
    %store/vec4a v000001a6a04195c0, 4, 0;
    %pushi/vec4 128, 0, 8;
    %ix/load 4, 7, 0;
    %flag_set/imm 4, 0;
    %store/vec4a v000001a6a0416390, 4, 0;
    %pushi/vec4 1, 0, 1;
    %ix/load 4, 7, 0;
    %flag_set/imm 4, 0;
    %store/vec4a v000001a6a0416bb0, 4, 0;
    %pushi/vec4 1, 0, 1;
    %store/vec4 v000001a6a0419340_0, 0, 1;
    %pushi/vec4 0, 0, 1;
    %store/vec4 v000001a6a0419ca0_0, 0, 1;
    %pushi/vec4 0, 0, 24;
    %store/vec4 v000001a6a0418800_0, 0, 24;
    %pushi/vec4 0, 0, 16;
    %store/vec4 v000001a6a0419020_0, 0, 16;
    %pushi/vec4 0, 0, 1;
    %store/vec4 v000001a6a04192a0_0, 0, 1;
    %pushi/vec4 1, 0, 1;
    %store/vec4 v000001a6a04197a0_0, 0, 1;
    %pushi/vec4 0, 0, 32;
    %store/vec4 v000001a6a0416c50_0, 0, 32;
    %pushi/vec4 0, 0, 32;
    %store/vec4 v000001a6a04181c0_0, 0, 32;
    %pushi/vec4 0, 0, 1;
    %store/vec4 v000001a6a0417150_0, 0, 1;
    %vpi_call/w 3 147 "$display", "=============================================================" {0 0 0};
    %vpi_call/w 3 148 "$display", "  tb_top : M4 end-to-end co-simulation (AXI4-Stream path)   " {0 0 0};
    %vpi_call/w 3 149 "$display", "=============================================================" {0 0 0};
    %vpi_call/w 3 150 "$display", "  DUT    : project/m4/rtl/top.sv" {0 0 0};
    %vpi_call/w 3 151 "$display", "  Path   : host -[slave AXI4-Stream]-> interface -> compute_core" {0 0 0};
    %vpi_call/w 3 152 "$display", "                -> interface -[master AXI4-Stream]-> host" {0 0 0};
    %vpi_call/w 3 153 "$display", "  Kernel : BGR-to-gray + in-range threshold (BT.601 x256)" {0 0 0};
    %vpi_call/w 3 154 "$display", "  Pixels : %0d representative 1920x1080 sign-language vectors", P_000001a6a0375288 {0 0 0};
    %vpi_call/w 3 155 "$display", "-------------------------------------------------------------" {0 0 0};
    %vpi_call/w 3 156 "$display", "vec |  B   G   R  | gray | exp  | mask | exp  | chk" {0 0 0};
    %vpi_call/w 3 157 "$display", "----|-------------|------|------|------|------|-----" {0 0 0};
    %wait E_000001a6a03b4d80;
    %delay 1000, 0;
    %wait E_000001a6a03b4d80;
    %delay 1000, 0;
    %pushi/vec4 0, 0, 1;
    %store/vec4 v000001a6a0419340_0, 0, 1;
    %pushi/vec4 0, 0, 32;
    %store/vec4 v000001a6a0416f70_0, 0, 32;
T_6.0 ;
    %load/vec4 v000001a6a0416f70_0;
    %cmpi/s 10, 0, 32;
    %jmp/0xz T_6.1, 5;
    %load/vec4 v000001a6a0416f70_0;
    %cmpi/s 8, 0, 32;
    %jmp/0xz  T_6.2, 5;
    %pushi/vec4 1, 0, 1;
    %store/vec4 v000001a6a0419ca0_0, 0, 1;
    %load/vec4 v000001a6a0416f70_0;
    %cmpi/e 7, 0, 32;
    %flag_mov 8, 4;
    %jmp/0 T_6.4, 8;
    %pushi/vec4 1, 0, 1;
    %jmp/1 T_6.5, 8;
T_6.4 ; End of true expr.
    %pushi/vec4 0, 0, 1;
    %jmp/0 T_6.5, 8;
 ; End of false expr.
    %blend;
T_6.5;
    %store/vec4 v000001a6a04192a0_0, 0, 1;
    %ix/getv/s 4, v000001a6a0416f70_0;
    %load/vec4a v000001a6a04188a0, 4;
    %ix/getv/s 4, v000001a6a0416f70_0;
    %load/vec4a v000001a6a0419160, 4;
    %concat/vec4; draw_concat_vec4
    %ix/getv/s 4, v000001a6a0416f70_0;
    %load/vec4a v000001a6a0418580, 4;
    %concat/vec4; draw_concat_vec4
    %store/vec4 v000001a6a0418800_0, 0, 24;
    %ix/getv/s 4, v000001a6a0416f70_0;
    %load/vec4a v000001a6a04195c0, 4;
    %ix/getv/s 4, v000001a6a0416f70_0;
    %load/vec4a v000001a6a04190c0, 4;
    %concat/vec4; draw_concat_vec4
    %store/vec4 v000001a6a0419020_0, 0, 16;
    %jmp T_6.3;
T_6.2 ;
    %pushi/vec4 0, 0, 1;
    %store/vec4 v000001a6a0419ca0_0, 0, 1;
    %pushi/vec4 0, 0, 1;
    %store/vec4 v000001a6a04192a0_0, 0, 1;
T_6.3 ;
    %wait E_000001a6a03b4d80;
    %delay 1000, 0;
    %load/vec4 v000001a6a0416f70_0;
    %cmpi/s 8, 0, 32;
    %flag_get/vec4 5;
    %load/vec4 v000001a6a04184e0_0;
    %nor/r;
    %and;
    %flag_set/vec4 8;
    %jmp/0xz  T_6.6, 8;
    %vpi_call/w 3 186 "$display", "FAIL: s_tready de-asserted at i=%0d (unexpected backpressure)", v000001a6a0416f70_0 {0 0 0};
    %load/vec4 v000001a6a0416c50_0;
    %addi 1, 0, 32;
    %store/vec4 v000001a6a0416c50_0, 0, 32;
T_6.6 ;
    %load/vec4 v000001a6a0419520_0;
    %flag_set/vec4 8;
    %jmp/0xz  T_6.8, 8;
    %load/vec4 v000001a6a0417290_0;
    %parti/s 8, 0, 2;
    %ix/getv/s 4, v000001a6a04181c0_0;
    %load/vec4a v000001a6a0416390, 4;
    %cmp/e;
    %flag_get/vec4 6;
    %load/vec4 v000001a6a0417290_0;
    %parti/s 1, 8, 5;
    %ix/getv/s 4, v000001a6a04181c0_0;
    %load/vec4a v000001a6a0416bb0, 4;
    %cmp/e;
    %flag_get/vec4 6;
    %and;
    %flag_set/vec4 8;
    %jmp/0xz  T_6.10, 8;
    %vpi_call/w 3 194 "$display", " %2d | %3d %3d %3d | %3d  | %3d  |  %0b   |  %0b   |  OK", v000001a6a04181c0_0, &A<v000001a6a04188a0, v000001a6a04181c0_0 >, &A<v000001a6a0419160, v000001a6a04181c0_0 >, &A<v000001a6a0418580, v000001a6a04181c0_0 >, &PV<v000001a6a0417290_0, 0, 8>, &A<v000001a6a0416390, v000001a6a04181c0_0 >, &PV<v000001a6a0417290_0, 8, 1>, &A<v000001a6a0416bb0, v000001a6a04181c0_0 > {0 0 0};
    %jmp T_6.11;
T_6.10 ;
    %vpi_call/w 3 200 "$display", " %2d | %3d %3d %3d | %3d  | %3d  |  %0b   |  %0b   |  FAIL <<<", v000001a6a04181c0_0, &A<v000001a6a04188a0, v000001a6a04181c0_0 >, &A<v000001a6a0419160, v000001a6a04181c0_0 >, &A<v000001a6a0418580, v000001a6a04181c0_0 >, &PV<v000001a6a0417290_0, 0, 8>, &A<v000001a6a0416390, v000001a6a04181c0_0 >, &PV<v000001a6a0417290_0, 8, 1>, &A<v000001a6a0416bb0, v000001a6a04181c0_0 > {0 0 0};
    %load/vec4 v000001a6a0416c50_0;
    %addi 1, 0, 32;
    %store/vec4 v000001a6a0416c50_0, 0, 32;
T_6.11 ;
    %load/vec4 v000001a6a04181c0_0;
    %cmpi/e 7, 0, 32;
    %jmp/0xz  T_6.12, 4;
    %load/vec4 v000001a6a0418120_0;
    %store/vec4 v000001a6a0417150_0, 0, 1;
T_6.12 ;
    %load/vec4 v000001a6a04181c0_0;
    %addi 1, 0, 32;
    %store/vec4 v000001a6a04181c0_0, 0, 32;
T_6.8 ;
    ; show_stmt_assign_vector: Get l-value for compressed += operand
    %load/vec4 v000001a6a0416f70_0;
    %pushi/vec4 1, 0, 32;
    %add;
    %store/vec4 v000001a6a0416f70_0, 0, 32;
    %jmp T_6.0;
T_6.1 ;
    %load/vec4 v000001a6a04181c0_0;
    %cmpi/ne 8, 0, 32;
    %jmp/0xz  T_6.14, 6;
    %vpi_call/w 3 217 "$display", "ERROR: expected %0d outputs, received %0d", P_000001a6a0375288, v000001a6a04181c0_0 {0 0 0};
    %load/vec4 v000001a6a0416c50_0;
    %addi 1, 0, 32;
    %store/vec4 v000001a6a0416c50_0, 0, 32;
T_6.14 ;
    %load/vec4 v000001a6a0417150_0;
    %cmpi/ne 1, 0, 1;
    %jmp/0xz  T_6.16, 6;
    %vpi_call/w 3 225 "$display", "FAIL: m_tlast was not asserted with the last output (got %0b)", v000001a6a0417150_0 {0 0 0};
    %load/vec4 v000001a6a0416c50_0;
    %addi 1, 0, 32;
    %store/vec4 v000001a6a0416c50_0, 0, 32;
    %jmp T_6.17;
T_6.16 ;
    %vpi_call/w 3 228 "$display", "  -- | m_tlast asserted with last result                    |  OK" {0 0 0};
T_6.17 ;
    %pushi/vec4 1, 0, 1;
    %store/vec4 v000001a6a0419340_0, 0, 1;
    %wait E_000001a6a03b4d80;
    %delay 1000, 0;
    %load/vec4 v000001a6a0419520_0;
    %cmpi/ne 0, 0, 1;
    %jmp/0xz  T_6.18, 6;
    %vpi_call/w 3 235 "$display", "FAIL: reset check \342\200\224 m_tvalid not cleared (got %0b)", v000001a6a0419520_0 {0 0 0};
    %load/vec4 v000001a6a0416c50_0;
    %addi 1, 0, 32;
    %store/vec4 v000001a6a0416c50_0, 0, 32;
    %jmp T_6.19;
T_6.18 ;
    %vpi_call/w 3 238 "$display", "  -- | reset: m_tvalid cleared after rst=1                  |  OK" {0 0 0};
T_6.19 ;
    %pushi/vec4 0, 0, 1;
    %store/vec4 v000001a6a0419340_0, 0, 1;
    %vpi_call/w 3 243 "$display", "=============================================================" {0 0 0};
    %load/vec4 v000001a6a0416c50_0;
    %cmpi/e 0, 0, 32;
    %jmp/0xz  T_6.20, 4;
    %vpi_call/w 3 245 "$display", "PASS -- all end-to-end checks passed" {0 0 0};
    %jmp T_6.21;
T_6.20 ;
    %vpi_call/w 3 247 "$display", "FAIL -- %0d check(s) did not match", v000001a6a0416c50_0 {0 0 0};
T_6.21 ;
    %vpi_call/w 3 248 "$display", "=============================================================" {0 0 0};
    %vpi_call/w 3 250 "$finish" {0 0 0};
    %end;
    .thread T_6;
# The file index is used to find the file name in the following table.
:file_names 7;
    "N/A";
    "<interactive>";
    "-";
    "C:\Users\camdo\OneDrive\Documents\cursor-projects\project\m4\tb\tb_top.sv";
    "C:\Users\camdo\OneDrive\Documents\cursor-projects\project\m4\rtl\top.sv";
    "C:\Users\camdo\OneDrive\Documents\cursor-projects\project\m4\rtl\compute_core.sv";
    "C:\Users\camdo\OneDrive\Documents\cursor-projects\project\m4\rtl\interface.sv";
